[22:09:54] [main/INFO]: Loading tweak class name cpw.mods.fml.common.launcher.FMLTweaker
[22:09:54] [main/INFO]: Using primary tweak class name cpw.mods.fml.common.launcher.FMLTweaker
[22:09:54] [main/INFO]: Calling tweak class cpw.mods.fml.common.launcher.FMLTweaker
[22:09:54] [main/INFO]: Forge Mod Loader version 7.99.40.1614 for Minecraft 1.7.10 loading
[22:09:54] [main/INFO]: Java is Java HotSpot(TM) 64-Bit Server VM, version 1.8.0_421, running on Windows 11:amd64:10.0, installed at D:\java\jdk-8
[22:09:54] [main/INFO]: Loading tweaker org.spongepowered.asm.launch.MixinTweaker from +unimixins-all-1.7.10-0.3.1.jar
[22:09:54] [main/INFO]: Loading tweaker org.spongepowered.asm.launch.MixinTweaker from angelica-2.2.26.jar
[22:09:54] [main/INFO]: Loading tweaker org.spongepowered.asm.launch.MixinTweaker from AppleCore-3.3.13.jar
[22:09:54] [main/INFO]: [AppEng] Core Init
[22:09:54] [main/INFO]: Loading tweaker org.spongepowered.asm.launch.MixinTweaker from Avaritia-1.99.jar
[22:09:54] [main/INFO]: Loading tweaker org.spongepowered.asm.launch.MixinTweaker from bettercrashes-1.4.7-GTNH.jar
[22:09:54] [main/INFO]: Loading tweaker org.spongepowered.asm.launch.MixinTweaker from BetterFoliage-LegacyEdition-1.2.4.jar
[22:09:54] [main/INFO]: Loading tweaker org.spongepowered.asm.launch.MixinTweaker from chunkapi-mc1.7.10-0.8.4.jar
[22:09:54] [main/WARN]: The coremod cofh.asm.LoadingPlugin does not have a MCVersion annotation, it may cause issues with this version of Minecraft
[22:09:54] [main/INFO]: Loading tweaker org.spongepowered.asm.launch.MixinTweaker from coretweaks-0.3.4.7-GTNH.jar
[22:09:54] [main/INFO]: Loading tweaker org.spongepowered.asm.launch.MixinTweaker from dim0guard-1.0.jar
[22:09:54] [main/INFO]: Loading tweaker org.spongepowered.asm.launch.MixinTweaker from duradisplay-1.4.6.jar
[22:09:54] [main/INFO]: Loading tweaker org.spongepowered.asm.launch.MixinTweaker from endlessids-mc1.7.10-1.7.4.jar
[22:09:54] [main/INFO]: Loading tweaker org.spongepowered.asm.launch.MixinTweaker from enviromine-1.3.148-ESE-0x01.jar
[22:09:54] [main/INFO]: Loading tweaker org.spongepowered.asm.launch.MixinTweaker from etfuturum-2.6.2.jar
[22:09:54] [main/INFO]: [LetsEncryptHelper] Starting patcher
[22:09:55] [main/INFO]: [LetsEncryptHelper] Added certificates to trust store.
[22:09:55] [main/INFO]: 
[22:09:55] [main/INFO]: 
[22:09:55] [main/INFO]:  ________  _______   __        __  __
[22:09:55] [main/INFO]: |        \|       \ |  \      |  \|  \
[22:09:55] [main/INFO]: | $$$$$$$$| $$$$$$$\| $$       \$$| $$____
[22:09:55] [main/INFO]: | $$__    | $$__/ $$| $$      |  \| $$    \
[22:09:55] [main/INFO]: | $$  \   | $$    $$| $$      | $$| $$$$$$$\
[22:09:55] [main/INFO]: | $$$$$   | $$$$$$$ | $$      | $$| $$  | $$
[22:09:55] [main/INFO]: | $$      | $$      | $$_____ | $$| $$__/ $$
[22:09:55] [main/INFO]: | $$      | $$      | $$     \| $$| $$    $$
[22:09:55] [main/INFO]:  \$$       \$$       \$$$$$$$$ \$$ \$$$$$$$
[22:09:55] [main/INFO]: 
[22:09:55] [main/INFO]: 
[22:09:55] [main/INFO]: Scanning for deps...
[22:09:55] [main/INFO]: Found bundled artifact: com.falsepattern:falsepatternlib-mc1.7.10:1.12.2 from jar:file:/E:/game/minecraft/gt6/.minecraft/versions/GT6/mods/falsepatternlib-mc1.7.10-1.12.2.jar!/META-INF/deps.json
[22:09:55] [main/INFO]: Found bundled artifact: com.falsepattern:falsepatternlib-mc1.7.10:1.12.2:dev from jar:file:/E:/game/minecraft/gt6/.minecraft/versions/GT6/mods/falsepatternlib-mc1.7.10-1.12.2.jar!/META-INF/deps.json
[22:09:55] [main/INFO]: Found dependency: it.unimi.dsi:fastutil:8.5.18 from jar:file:/E:/game/minecraft/gt6/.minecraft/versions/GT6/mods/endlessids-mc1.7.10-1.7.4.jar!/META-INF/EIDdeps.json
[22:09:55] [main/INFO]: Found dependency: xyz.wagyourtail.jvmdowngrader:jvmdowngrader-java-api:1.3.5:downgraded-8 from jar:file:/E:/game/minecraft/gt6/.minecraft/versions/GT6/mods/gtnhlib-0.11.52.jar!/META-INF/gtnhlib_deps8.json
[22:09:55] [main/INFO]: Found dependency: it.unimi.dsi:fastutil:8.5.18 from jar:file:/E:/game/minecraft/gt6/.minecraft/versions/GT6/mods/okcore-26.09.27.0.jar!/META-INF/okcore_deps.json
[22:09:55] [main/INFO]: Found dependency: org.joml:joml:1.10.8 from jar:file:/E:/game/minecraft/gt6/.minecraft/versions/GT6/mods/okcore-26.09.27.0.jar!/META-INF/okcore_deps.json
[22:09:55] [main/INFO]: Found dependency: com.mojang:brigadier:1.0.18 from jar:file:/E:/game/minecraft/gt6/.minecraft/versions/GT6/mods/okcore-26.09.27.0.jar!/META-INF/okcore_deps.json
[22:09:55] [main/INFO]: Found dependency: it.unimi.dsi:fastutil:8.5.18 from jar:file:/E:/game/minecraft/gt6/.minecraft/versions/GT6/mods/gtnhlib-0.11.52.jar!/META-INF/gtnhlib_deps.json
[22:09:55] [main/INFO]: Found dependency: org.joml:joml:1.10.8 from jar:file:/E:/game/minecraft/gt6/.minecraft/versions/GT6/mods/gtnhlib-0.11.52.jar!/META-INF/gtnhlib_deps.json
[22:09:55] [main/INFO]: Found dependency: com.mojang:brigadier:1.0.18 from jar:file:/E:/game/minecraft/gt6/.minecraft/versions/GT6/mods/gtnhlib-0.11.52.jar!/META-INF/gtnhlib_deps.json
[22:09:55] [main/INFO]: -----------------------------------------------------------
[22:09:55] [main/INFO]: FalsePatternLib is downloading dependencies. Please wait...
[22:09:55] [main/INFO]: -----------------------------------------------------------
[22:09:55] [Dependency Download Thread/INFO]: Adding library com.mojang:brigadier:1.0.18, requested by mod jar:file:/E:/game/minecraft/gt6/.minecraft/versions/GT6/mods/okcore-26.09.27.0.jar!/META-INF/okcore_deps.json
[22:09:55] [Dependency Download Thread/INFO]: Adding library xyz.wagyourtail.jvmdowngrader:jvmdowngrader-java-api:1.3.5-downgraded-8, requested by mod jar:file:/E:/game/minecraft/gt6/.minecraft/versions/GT6/mods/gtnhlib-0.11.52.jar!/META-INF/gtnhlib_deps8.json
[22:09:55] [Dependency Download Thread/INFO]: Adding library it.unimi.dsi:fastutil:8.5.18, requested by mod jar:file:/E:/game/minecraft/gt6/.minecraft/versions/GT6/mods/endlessids-mc1.7.10-1.7.4.jar!/META-INF/EIDdeps.json
[22:09:55] [Dependency Download Thread/INFO]: Adding library org.joml:joml:1.10.8, requested by mod jar:file:/E:/game/minecraft/gt6/.minecraft/versions/GT6/mods/okcore-26.09.27.0.jar!/META-INF/okcore_deps.json
[22:09:55] [main/INFO]: Scanned in 459ms
[22:09:55] [main/INFO]: Initializing MappingManager
[22:09:55] [main/WARN]: Found root logger with verbosity INFO, will try to switch to Forge config.
[22:09:55] [main/INFO]: Logger configs on classpath: [jar:file:/E:/game/minecraft/gt6/.minecraft/libraries/net/minecraftforge/forge/1.7.10-10.13.4.1614-1.7.10/forge-1.7.10-10.13.4.1614-1.7.10.jar!/log4j2.xml, jar:file:/E:/game/minecraft/gt6/.minecraft/libraries/net/minecraft/launchwrapper/1.12/launchwrapper-1.12.jar!/log4j2.xml, jar:file:/E:/game/minecraft/gt6/.minecraft/versions/GT6/GT6.jar!/log4j2.xml]
[22:09:55] [main/INFO]: Reconfiguring logger to use config at jar:file:/E:/game/minecraft/gt6/.minecraft/libraries/net/minecraftforge/forge/1.7.10-10.13.4.1614-1.7.10/forge-1.7.10-10.13.4.1614-1.7.10.jar!/log4j2.xml
[22:09:55] [main/INFO]: New messages will go to fml-x-latest.log
[22:09:55] [main/INFO]: Magic cookie: fe84c923-8e16-4379-9e43-1cd55031376e
[22:10:01] [main/INFO]: Setting user: mi_xiao_bao
[22:10:03] [Client thread/INFO]: LWJGL Version: 2.9.1
[22:10:12] [Client thread/INFO]: Reloading ResourceManager: Default, FMLFileResourcePack:Forge Mod Loader, FMLFileResourcePack:Minecraft Forge, FMLFileResourcePack:NotEnoughItems, FMLFileResourcePack:UniMixins, FMLFileResourcePack:UniMixins: Mixin (UniMix), FMLFileResourcePack:UniMixins: Compatibility, FMLFileResourcePack:UniMixins: Mixingasm, FMLFileResourcePack:UniMixins: SpongeMixins, FMLFileResourcePack:UniMixins: MixinBooterLegacy, FMLFileResourcePack:UniMixins: GTNHMixins, FMLFileResourcePack:UniMixins: MixinExtras, FMLFileResourcePack:ASJCore, FMLFileResourcePack:Thaumic Additions, FMLFileResourcePack:bspkrsCore, FMLFileResourcePack:Actually Additions, FMLFileResourcePack:Advanced Rocketry Continuation, FMLFileResourcePack:AE2 Fluid Crafting, FMLFileResourcePack:AgriCraft, FMLFileResourcePack:Alfheim, FMLFileResourcePack:Pra's Galacticraft Mod, FMLFileResourcePack:Angelica, FMLFileResourcePack:MCPatcherForge, FMLFileResourcePack:NotFine, FMLFileResourcePack:AppleCore, FMLFileResourcePack:Applied Energistics 2, FMLFileResourcePack:ArmorStatusHUD, FMLFileResourcePack:Atum, FMLFileResourcePack:Avaritia, FMLFileResourcePack:Avaritia / Draconic Evolution package bridge, FMLFileResourcePack:Bad Mobs, FMLFileResourcePack:Baubles, FMLFileResourcePack:Baubles Expanded, FMLFileResourcePack:BetterCrashes, FMLFileResourcePack:Better Foliage - Legacy Edition, FMLFileResourcePack:BetterQuesting, FMLFileResourcePack:Standard Expansion, FMLFileResourcePack:BetterQuesting, FMLFileResourcePack:Command Blocks for Better Questing, FMLFileResourcePack:Botany, FMLFileResourcePack:Binnie Core, FMLFileResourcePack:Extra Bees, FMLFileResourcePack:Extra Trees, FMLFileResourcePack:Genetics, FMLFileResourcePack:Biomes O' Plenty, FMLFileResourcePack:Blood Arsenal, FMLFileResourcePack:Blood Magic: Alchemical Wizardry, FMLFileResourcePack:Botania, FMLFileResourcePack:Brandon's Core, FMLFileResourcePack:CandyCraft, FMLFileResourcePack:Chisel, FMLFileResourcePack:ChunkAPI, FMLFileResourcePack:CoFH Core, FMLFileResourcePack:Cooking for Blockheads, FMLFileResourcePack:CoreTweaks, FMLFileResourcePack:MineTweaker 3, FMLFileResourcePack:Deathly Hallows, FMLFileResourcePack:Draconic Evolution, FMLFileResourcePack:DuraDisplay, FMLFileResourcePack:Enchiridion, FMLFileResourcePack:Enchiridion 2, FMLFileResourcePack:EnderCore, FMLFileResourcePack:Ender IO, FMLFileResourcePack:EndlessIDs, FMLFileResourcePack:EnviroMine, FMLFileResourcePack:Et Futurum Requiem, FMLFileResourcePack:External Tweaker, FMLFileResourcePack:Extra Planets, FMLFileResourcePack:FalsePatternLib, FMLFileResourcePack:FoamFix, FMLFileResourcePack:Forbidden Magic, FMLFileResourcePack:Forestry, FMLFileResourcePack:Forgotten Relics, FMLFileResourcePack:Galacticraft Core, FMLFileResourcePack:Galacticraft Planets, FMLFileResourcePack:GalaxySpace, FMLFileResourcePack:Gany's Surface, FMLFileResourcePack:Greg-API-Post, FMLFileResourcePack:Greg-API, FMLFileResourcePack:GregTech, FMLFileResourcePack:GT6 Recipe Bridge, FMLFileResourcePack:MTUtils, FMLFileResourcePack:GTNH Lib, FMLFileResourcePack:Hardcore Ender Expansion, FMLFileResourcePack:Hodgepodge, FMLFileResourcePack:Hunger Overhaul, IC2 resource pack injected by Hodgepodge, FMLFileResourcePack:InGame Info XML, FMLFileResourcePack:Iron Chests, FMLFileResourcePack:libVulpes, FMLFileResourcePack:LunatriusCore, FMLFileResourcePack:Magic Bees, FMLFileResourcePack:Marine Technlogy, FMLFileResourcePack:Mariculture, FMLFileResourcePack:MineFactory Reloaded, FMLFileResourcePack:MFR Compat: Applied Energistics, FMLFileResourcePack:MFR Compat: Forestry, FMLFileResourcePack:MFR Compat: ForgeMicroblock, FMLFileResourcePack:MFR Compat: IC2, FMLFileResourcePack:MFR Compat: Railcraft, FMLFileResourcePack:MFR Compat: Thaumcraft, FMLFileResourcePack:MFR Compat: Thermal Expansion, FMLFileResourcePack:MFR Compat: Vanilla, FMLFileResourcePack:MobsInfo, FMLFileResourcePack:Mod Tweaker 2, FMLFileResourcePack:Modular UI 2, FMLFileResourcePack:More Planets, FMLFileResourcePack:Mouse Tweaks, FMLFileResourcePack:Navigator, FMLFileResourcePack:Neat, FMLFileResourcePack:OK Backpack, FMLFileResourcePack:Common Capabilities, FMLFileResourcePack:OK Core, FMLFileResourcePack:OpenComputers, FMLFileResourcePack:OreExcavation, FMLFileResourcePack:Pam's HarvestCraft, FMLFileResourcePack:Particle Library, FMLFileResourcePack:Railcraft, FMLFileResourcePack:Random Things, FMLFileResourcePack:Recurrent Complex, FMLFileResourcePack:ServerUtilities, FMLFileResourcePack:Tainted Magic, FMLFileResourcePack:Thaumcraft, FMLFileResourcePack:TC4 Tweak, FMLFileResourcePack:Thaumic Bases Reboot, FMLFileResourcePack:Thaumic Concilium, FMLFileResourcePack:Thaumic Duality Interface, FMLFileResourcePack:Thaumic Energistics, FMLFileResourcePack:ThaumicHorizons, FMLFileResourcePack:Thaumic Tinkerer, FMLFileResourcePack:The Betweenlands, FMLFileResourcePack:Thermal Expansion, FMLFileResourcePack:Thermal Foundation, FMLFileResourcePack:Time Vial, FMLFileResourcePack:TofuCraft, FMLFileResourcePack:TofuFactory Reloaded, FMLFileResourcePack:TooMuchLoot, FMLFileResourcePack:UtilitiesInExcess, FMLFileResourcePack:Village Names, FMLFileResourcePack:Waila, FMLFileResourcePack:WarpTheory, FMLFileResourcePack:Waystones-X, FMLFileResourcePack:Witchery, FMLFileResourcePack:WitcheryPatch, FMLFileResourcePack:Xaero's Minimap, FMLFileResourcePack:Xaero's World Map, F32 GT6U edition.zip, Faithful 32x - 1.7.10.zip
[22:10:47] [Sound Library Loader/INFO]: Sound engine started
[22:10:49] [Client thread/INFO]: Created: 64x64 textures/blocks-atlas
[22:10:49] [Client thread/INFO]: Created: 16x16 textures/items-atlas
[22:15:05] [Client thread/INFO]: Reloading ResourceManager: Default, FMLFileResourcePack:Forge Mod Loader, FMLFileResourcePack:Minecraft Forge, FMLFileResourcePack:NotEnoughItems, FMLFileResourcePack:UniMixins, FMLFileResourcePack:UniMixins: Mixin (UniMix), FMLFileResourcePack:UniMixins: Compatibility, FMLFileResourcePack:UniMixins: Mixingasm, FMLFileResourcePack:UniMixins: SpongeMixins, FMLFileResourcePack:UniMixins: MixinBooterLegacy, FMLFileResourcePack:UniMixins: GTNHMixins, FMLFileResourcePack:UniMixins: MixinExtras, FMLFileResourcePack:ASJCore, FMLFileResourcePack:Thaumic Additions, FMLFileResourcePack:bspkrsCore, FMLFileResourcePack:Actually Additions, FMLFileResourcePack:Advanced Rocketry Continuation, FMLFileResourcePack:AE2 Fluid Crafting, FMLFileResourcePack:AgriCraft, FMLFileResourcePack:Alfheim, FMLFileResourcePack:Pra's Galacticraft Mod, FMLFileResourcePack:Angelica, FMLFileResourcePack:MCPatcherForge, FMLFileResourcePack:NotFine, FMLFileResourcePack:AppleCore, FMLFileResourcePack:Applied Energistics 2, FMLFileResourcePack:ArmorStatusHUD, FMLFileResourcePack:Atum, FMLFileResourcePack:Avaritia, FMLFileResourcePack:Avaritia / Draconic Evolution package bridge, FMLFileResourcePack:Bad Mobs, FMLFileResourcePack:Baubles, FMLFileResourcePack:Baubles Expanded, FMLFileResourcePack:BetterCrashes, FMLFileResourcePack:Better Foliage - Legacy Edition, FMLFileResourcePack:BetterQuesting, FMLFileResourcePack:Standard Expansion, FMLFileResourcePack:BetterQuesting, FMLFileResourcePack:Command Blocks for Better Questing, FMLFileResourcePack:Botany, FMLFileResourcePack:Binnie Core, FMLFileResourcePack:Extra Bees, FMLFileResourcePack:Extra Trees, FMLFileResourcePack:Genetics, FMLFileResourcePack:Biomes O' Plenty, FMLFileResourcePack:Blood Arsenal, FMLFileResourcePack:Blood Magic: Alchemical Wizardry, FMLFileResourcePack:Botania, FMLFileResourcePack:Brandon's Core, FMLFileResourcePack:CandyCraft, FMLFileResourcePack:Chisel, FMLFileResourcePack:ChunkAPI, FMLFileResourcePack:CoFH Core, FMLFileResourcePack:Cooking for Blockheads, FMLFileResourcePack:CoreTweaks, FMLFileResourcePack:MineTweaker 3, FMLFileResourcePack:Deathly Hallows, FMLFileResourcePack:Draconic Evolution, FMLFileResourcePack:DuraDisplay, FMLFileResourcePack:Enchiridion, FMLFileResourcePack:Enchiridion 2, FMLFileResourcePack:EnderCore, FMLFileResourcePack:Ender IO, FMLFileResourcePack:EndlessIDs, FMLFileResourcePack:¡ìbEnviroMine, FMLFileResourcePack:Et Futurum Requiem, FMLFileResourcePack:External Tweaker, FMLFileResourcePack:Extra Planets, FMLFileResourcePack:FalsePatternLib, FMLFileResourcePack:FoamFix, FMLFileResourcePack:Forbidden Magic, FMLFileResourcePack:Forestry, FMLFileResourcePack:Forgotten Relics, FMLFileResourcePack:Galacticraft Core, FMLFileResourcePack:Galacticraft Planets, FMLFileResourcePack:GalaxySpace, FMLFileResourcePack:Gany's Surface, FMLFileResourcePack:Greg-API-Post, FMLFileResourcePack:Greg-API, FMLFileResourcePack:GregTech, FMLFileResourcePack:GT6 Recipe Bridge, FMLFileResourcePack:MTUtils, FMLFileResourcePack:GTNH Lib, FMLFileResourcePack:Hardcore Ender Expansion, FMLFileResourcePack:Hodgepodge, FMLFileResourcePack:Hunger Overhaul, IC2 resource pack injected by Hodgepodge, FMLFileResourcePack:InGame Info XML, FMLFileResourcePack:Iron Chests, FMLFileResourcePack:libVulpes, FMLFileResourcePack:LunatriusCore, FMLFileResourcePack:Magic Bees, FMLFileResourcePack:Marine Technlogy, FMLFileResourcePack:Mariculture, FMLFileResourcePack:MineFactory Reloaded, FMLFileResourcePack:MFR Compat: Applied Energistics, FMLFileResourcePack:MFR Compat: Forestry, FMLFileResourcePack:MFR Compat: ForgeMicroblock, FMLFileResourcePack:MFR Compat: IC2, FMLFileResourcePack:MFR Compat: Railcraft, FMLFileResourcePack:MFR Compat: Thaumcraft, FMLFileResourcePack:MFR Compat: Thermal Expansion, FMLFileResourcePack:MFR Compat: Vanilla, FMLFileResourcePack:MobsInfo, FMLFileResourcePack:Mod Tweaker 2, FMLFileResourcePack:Modular UI 2, FMLFileResourcePack:More Planets, FMLFileResourcePack:Mouse Tweaks, FMLFileResourcePack:Navigator, FMLFileResourcePack:Neat, FMLFileResourcePack:OK Backpack, FMLFileResourcePack:Common Capabilities, FMLFileResourcePack:OK Core, FMLFileResourcePack:OpenComputers, FMLFileResourcePack:OreExcavation, FMLFileResourcePack:Pam's HarvestCraft, FMLFileResourcePack:Particle Library, FMLFileResourcePack:Railcraft, FMLFileResourcePack:Random Things, FMLFileResourcePack:Recurrent Complex, FMLFileResourcePack:ServerUtilities, FMLFileResourcePack:Tainted Magic, FMLFileResourcePack:Thaumcraft, FMLFileResourcePack:TC4 Tweak, FMLFileResourcePack:Thaumic Bases Reboot, FMLFileResourcePack:Thaumic Concilium, FMLFileResourcePack:Thaumic Duality Interface, FMLFileResourcePack:Thaumic Energistics, FMLFileResourcePack:ThaumicHorizons, FMLFileResourcePack:Thaumic Tinkerer, FMLFileResourcePack:The Betweenlands, FMLFileResourcePack:Thermal Expansion, FMLFileResourcePack:Thermal Foundation, FMLFileResourcePack:Time Vial, FMLFileResourcePack:¶¹¸¯Craft (TofuCraft), FMLFileResourcePack:¶¹¸¯Factory Reloaded (TofuFactory Reloaded), FMLFileResourcePack:TooMuchLoot, FMLFileResourcePack:UtilitiesInExcess, FMLFileResourcePack:¡ì6Village Names¡ìr, FMLFileResourcePack:Waila, FMLFileResourcePack:WarpTheory, FMLFileResourcePack:Waystones-X, FMLFileResourcePack:Witchery, FMLFileResourcePack:WitcheryPatch, FMLFileResourcePack:Xaero's Minimap, FMLFileResourcePack:Xaero's World Map, AssetDirector, BetterQuesting_folders, BetterQuesting_files, etfuturum/vanilla_overrides, Et Futurum Requiem dynamic greyscale water for potion cauldrons, Et Futurum Requiem dynamic sounds.json, resources, Better Foliage generated, F32 GT6U edition.zip, Faithful 32x - 1.7.10.zip
[22:15:15] [Client thread/INFO]: Created: 8192x8192 textures/blocks-atlas
[22:15:20] [Client thread/INFO]: Created: 4096x2048 textures/items-atlas
[22:15:20] [Sound Library Loader/INFO]: Sound engine started
[22:16:00] [Server thread/INFO]: Starting integrated minecraft server version 1.7.10
[22:16:00] [Server thread/INFO]: Generating keypair
[22:17:15] [Server thread/INFO]: Starting integrated minecraft server version 1.7.10
[22:17:15] [Server thread/INFO]: Generating keypair
[22:17:57] [Client thread/INFO]: Stopping!
