[22:09:54] [main/INFO]: Loading tweak class name cpw.mods.fml.common.launcher.FMLTweaker
[22:09:54] [main/INFO]: Using primary tweak class name cpw.mods.fml.common.launcher.FMLTweaker
[22:09:54] [main/INFO]: Calling tweak class cpw.mods.fml.common.launcher.FMLTweaker
[22:09:54] [main/INFO]: Forge Mod Loader version 7.99.40.1614 for Minecraft 1.7.10 loading
[22:09:54] [main/INFO]: Java is Java HotSpot(TM) 64-Bit Server VM, version 1.8.0_421, running on Windows 11:amd64:10.0, installed at D:\java\jdk-8
[22:09:54] [main/INFO]: Loading tweaker org.spongepowered.asm.launch.MixinTweaker from +unimixins-all-1.7.10-0.3.1.jar
[22:09:54] [main/INFO]: Loading tweaker org.spongepowered.asm.launch.MixinTweaker from angelica-2.2.26.jar
[22:09:54] [main/INFO]: Loading tweaker org.spongepowered.asm.launch.MixinTweaker from AppleCore-3.3.13.jar
[22:09:54] [main/INFO]: [AppEng] Core Init
[22:09:54] [main/INFO]: Loading tweaker org.spongepowered.asm.launch.MixinTweaker from Avaritia-1.99.jar
[22:09:54] [main/INFO]: Loading tweaker org.spongepowered.asm.launch.MixinTweaker from bettercrashes-1.4.7-GTNH.jar
[22:09:54] [main/INFO]: Loading tweaker org.spongepowered.asm.launch.MixinTweaker from BetterFoliage-LegacyEdition-1.2.4.jar
[22:09:54] [main/INFO]: Loading tweaker org.spongepowered.asm.launch.MixinTweaker from chunkapi-mc1.7.10-0.8.4.jar
[22:09:54] [main/WARN]: The coremod cofh.asm.LoadingPlugin does not have a MCVersion annotation, it may cause issues with this version of Minecraft
[22:09:54] [main/INFO]: Loading tweaker org.spongepowered.asm.launch.MixinTweaker from coretweaks-0.3.4.7-GTNH.jar
[22:09:54] [main/INFO]: Loading tweaker org.spongepowered.asm.launch.MixinTweaker from dim0guard-1.0.jar
[22:09:54] [main/INFO]: Loading tweaker org.spongepowered.asm.launch.MixinTweaker from duradisplay-1.4.6.jar
[22:09:54] [main/INFO]: Loading tweaker org.spongepowered.asm.launch.MixinTweaker from endlessids-mc1.7.10-1.7.4.jar
[22:09:54] [main/INFO]: Loading tweaker org.spongepowered.asm.launch.MixinTweaker from enviromine-1.3.148-ESE-0x01.jar
[22:09:54] [main/INFO]: Loading tweaker org.spongepowered.asm.launch.MixinTweaker from etfuturum-2.6.2.jar
[22:09:54] [main/INFO]: [LetsEncryptHelper] Starting patcher
[22:09:55] [main/INFO]: [LetsEncryptHelper] Added certificates to trust store.
[22:09:55] [main/INFO]: 
[22:09:55] [main/INFO]: 
[22:09:55] [main/INFO]:  ________  _______   __        __  __
[22:09:55] [main/INFO]: |        \|       \ |  \      |  \|  \
[22:09:55] [main/INFO]: | $$$$$$$$| $$$$$$$\| $$       \$$| $$____
[22:09:55] [main/INFO]: | $$__    | $$__/ $$| $$      |  \| $$    \
[22:09:55] [main/INFO]: | $$  \   | $$    $$| $$      | $$| $$$$$$$\
[22:09:55] [main/INFO]: | $$$$$   | $$$$$$$ | $$      | $$| $$  | $$
[22:09:55] [main/INFO]: | $$      | $$      | $$_____ | $$| $$__/ $$
[22:09:55] [main/INFO]: | $$      | $$      | $$     \| $$| $$    $$
[22:09:55] [main/INFO]:  \$$       \$$       \$$$$$$$$ \$$ \$$$$$$$
[22:09:55] [main/INFO]: 
[22:09:55] [main/INFO]: 
[22:09:55] [main/INFO]: Scanning for deps...
[22:09:55] [main/INFO]: Found bundled artifact: com.falsepattern:falsepatternlib-mc1.7.10:1.12.2 from jar:file:/E:/game/minecraft/gt6/.minecraft/versions/GT6/mods/falsepatternlib-mc1.7.10-1.12.2.jar!/META-INF/deps.json
[22:09:55] [main/INFO]: Found bundled artifact: com.falsepattern:falsepatternlib-mc1.7.10:1.12.2:dev from jar:file:/E:/game/minecraft/gt6/.minecraft/versions/GT6/mods/falsepatternlib-mc1.7.10-1.12.2.jar!/META-INF/deps.json
[22:09:55] [main/INFO]: Found dependency: it.unimi.dsi:fastutil:8.5.18 from jar:file:/E:/game/minecraft/gt6/.minecraft/versions/GT6/mods/endlessids-mc1.7.10-1.7.4.jar!/META-INF/EIDdeps.json
[22:09:55] [main/INFO]: Found dependency: xyz.wagyourtail.jvmdowngrader:jvmdowngrader-java-api:1.3.5:downgraded-8 from jar:file:/E:/game/minecraft/gt6/.minecraft/versions/GT6/mods/gtnhlib-0.11.52.jar!/META-INF/gtnhlib_deps8.json
[22:09:55] [main/INFO]: Found dependency: it.unimi.dsi:fastutil:8.5.18 from jar:file:/E:/game/minecraft/gt6/.minecraft/versions/GT6/mods/okcore-26.09.27.0.jar!/META-INF/okcore_deps.json
[22:09:55] [main/INFO]: Found dependency: org.joml:joml:1.10.8 from jar:file:/E:/game/minecraft/gt6/.minecraft/versions/GT6/mods/okcore-26.09.27.0.jar!/META-INF/okcore_deps.json
[22:09:55] [main/INFO]: Found dependency: com.mojang:brigadier:1.0.18 from jar:file:/E:/game/minecraft/gt6/.minecraft/versions/GT6/mods/okcore-26.09.27.0.jar!/META-INF/okcore_deps.json
[22:09:55] [main/INFO]: Found dependency: it.unimi.dsi:fastutil:8.5.18 from jar:file:/E:/game/minecraft/gt6/.minecraft/versions/GT6/mods/gtnhlib-0.11.52.jar!/META-INF/gtnhlib_deps.json
[22:09:55] [main/INFO]: Found dependency: org.joml:joml:1.10.8 from jar:file:/E:/game/minecraft/gt6/.minecraft/versions/GT6/mods/gtnhlib-0.11.52.jar!/META-INF/gtnhlib_deps.json
[22:09:55] [main/INFO]: Found dependency: com.mojang:brigadier:1.0.18 from jar:file:/E:/game/minecraft/gt6/.minecraft/versions/GT6/mods/gtnhlib-0.11.52.jar!/META-INF/gtnhlib_deps.json
[22:09:55] [main/INFO]: -----------------------------------------------------------
[22:09:55] [main/INFO]: FalsePatternLib is downloading dependencies. Please wait...
[22:09:55] [main/INFO]: -----------------------------------------------------------
[22:09:55] [Dependency Download Thread/INFO]: Adding library com.mojang:brigadier:1.0.18, requested by mod jar:file:/E:/game/minecraft/gt6/.minecraft/versions/GT6/mods/okcore-26.09.27.0.jar!/META-INF/okcore_deps.json
[22:09:55] [Dependency Download Thread/INFO]: Adding library xyz.wagyourtail.jvmdowngrader:jvmdowngrader-java-api:1.3.5-downgraded-8, requested by mod jar:file:/E:/game/minecraft/gt6/.minecraft/versions/GT6/mods/gtnhlib-0.11.52.jar!/META-INF/gtnhlib_deps8.json
[22:09:55] [Dependency Download Thread/INFO]: Adding library it.unimi.dsi:fastutil:8.5.18, requested by mod jar:file:/E:/game/minecraft/gt6/.minecraft/versions/GT6/mods/endlessids-mc1.7.10-1.7.4.jar!/META-INF/EIDdeps.json
[22:09:55] [Dependency Download Thread/INFO]: Adding library org.joml:joml:1.10.8, requested by mod jar:file:/E:/game/minecraft/gt6/.minecraft/versions/GT6/mods/okcore-26.09.27.0.jar!/META-INF/okcore_deps.json
[22:09:55] [main/INFO]: Scanned in 459ms
[22:09:55] [main/INFO]: Initializing MappingManager
[22:09:55] [main/WARN]: Found root logger with verbosity INFO, will try to switch to Forge config.
[22:09:55] [main/INFO]: Logger configs on classpath: [jar:file:/E:/game/minecraft/gt6/.minecraft/libraries/net/minecraftforge/forge/1.7.10-10.13.4.1614-1.7.10/forge-1.7.10-10.13.4.1614-1.7.10.jar!/log4j2.xml, jar:file:/E:/game/minecraft/gt6/.minecraft/libraries/net/minecraft/launchwrapper/1.12/launchwrapper-1.12.jar!/log4j2.xml, jar:file:/E:/game/minecraft/gt6/.minecraft/versions/GT6/GT6.jar!/log4j2.xml]
[22:09:55] [main/INFO]: Reconfiguring logger to use config at jar:file:/E:/game/minecraft/gt6/.minecraft/libraries/net/minecraftforge/forge/1.7.10-10.13.4.1614-1.7.10/forge-1.7.10-10.13.4.1614-1.7.10.jar!/log4j2.xml
[22:09:55] [main/INFO]: New messages will go to fml-x-latest.log
[22:09:55] [main/INFO]: Magic cookie: fe84c923-8e16-4379-9e43-1cd55031376e
[22:10:01] [main/INFO]: Setting user: mi_xiao_bao
[22:10:03] [Client thread/INFO]: LWJGL Version: 2.9.1
[22:10:12] [Client thread/INFO]: Reloading ResourceManager: Default, FMLFileResourcePack:Forge Mod Loader, FMLFileResourcePack:Minecraft Forge, FMLFileResourcePack:NotEnoughItems, FMLFileResourcePack:UniMixins, FMLFileResourcePack:UniMixins: Mixin (UniMix), FMLFileResourcePack:UniMixins: Compatibility, FMLFileResourcePack:UniMixins: Mixingasm, FMLFileResourcePack:UniMixins: SpongeMixins, FMLFileResourcePack:UniMixins: MixinBooterLegacy, FMLFileResourcePack:UniMixins: GTNHMixins, FMLFileResourcePack:UniMixins: MixinExtras, FMLFileResourcePack:ASJCore, FMLFileResourcePack:Thaumic Additions, FMLFileResourcePack:bspkrsCore, FMLFileResourcePack:Actually Additions, FMLFileResourcePack:Advanced Rocketry Continuation, FMLFileResourcePack:AE2 Fluid Crafting, FMLFileResourcePack:AgriCraft, FMLFileResourcePack:Alfheim, FMLFileResourcePack:Pra's Galacticraft Mod, FMLFileResourcePack:Angelica, FMLFileResourcePack:MCPatcherForge, FMLFileResourcePack:NotFine, FMLFileResourcePack:AppleCore, FMLFileResourcePack:Applied Energistics 2, FMLFileResourcePack:ArmorStatusHUD, FMLFileResourcePack:Atum, FMLFileResourcePack:Avaritia, FMLFileResourcePack:Avaritia / Draconic Evolution package bridge, FMLFileResourcePack:Bad Mobs, FMLFileResourcePack:Baubles, FMLFileResourcePack:Baubles Expanded, FMLFileResourcePack:BetterCrashes, FMLFileResourcePack:Better Foliage - Legacy Edition, FMLFileResourcePack:BetterQuesting, FMLFileResourcePack:Standard Expansion, FMLFileResourcePack:BetterQuesting, FMLFileResourcePack:Command Blocks for Better Questing, FMLFileResourcePack:Botany, FMLFileResourcePack:Binnie Core, FMLFileResourcePack:Extra Bees, FMLFileResourcePack:Extra Trees, FMLFileResourcePack:Genetics, FMLFileResourcePack:Biomes O' Plenty, FMLFileResourcePack:Blood Arsenal, FMLFileResourcePack:Blood Magic: Alchemical Wizardry, FMLFileResourcePack:Botania, FMLFileResourcePack:Brandon's Core, FMLFileResourcePack:CandyCraft, FMLFileResourcePack:Chisel, FMLFileResourcePack:ChunkAPI, FMLFileResourcePack:CoFH Core, FMLFileResourcePack:Cooking for Blockheads, FMLFileResourcePack:CoreTweaks, FMLFileResourcePack:MineTweaker 3, FMLFileResourcePack:Deathly Hallows, FMLFileResourcePack:Draconic Evolution, FMLFileResourcePack:DuraDisplay, FMLFileResourcePack:Enchiridion, FMLFileResourcePack:Enchiridion 2, FMLFileResourcePack:EnderCore, FMLFileResourcePack:Ender IO, FMLFileResourcePack:EndlessIDs, FMLFileResourcePack:EnviroMine, FMLFileResourcePack:Et Futurum Requiem, FMLFileResourcePack:External Tweaker, FMLFileResourcePack:Extra Planets, FMLFileResourcePack:FalsePatternLib, FMLFileResourcePack:FoamFix, FMLFileResourcePack:Forbidden Magic, FMLFileResourcePack:Forestry, FMLFileResourcePack:Forgotten Relics, FMLFileResourcePack:Galacticraft Core, FMLFileResourcePack:Galacticraft Planets, FMLFileResourcePack:GalaxySpace, FMLFileResourcePack:Gany's Surface, FMLFileResourcePack:Greg-API-Post, FMLFileResourcePack:Greg-API, FMLFileResourcePack:GregTech, FMLFileResourcePack:GT6 Recipe Bridge, FMLFileResourcePack:MTUtils, FMLFileResourcePack:GTNH Lib, FMLFileResourcePack:Hardcore Ender Expansion, FMLFileResourcePack:Hodgepodge, FMLFileResourcePack:Hunger Overhaul, IC2 resource pack injected by Hodgepodge, FMLFileResourcePack:InGame Info XML, FMLFileResourcePack:Iron Chests, FMLFileResourcePack:libVulpes, FMLFileResourcePack:LunatriusCore, FMLFileResourcePack:Magic Bees, FMLFileResourcePack:Marine Technlogy, FMLFileResourcePack:Mariculture, FMLFileResourcePack:MineFactory Reloaded, FMLFileResourcePack:MFR Compat: Applied Energistics, FMLFileResourcePack:MFR Compat: Forestry, FMLFileResourcePack:MFR Compat: ForgeMicroblock, FMLFileResourcePack:MFR Compat: IC2, FMLFileResourcePack:MFR Compat: Railcraft, FMLFileResourcePack:MFR Compat: Thaumcraft, FMLFileResourcePack:MFR Compat: Thermal Expansion, FMLFileResourcePack:MFR Compat: Vanilla, FMLFileResourcePack:MobsInfo, FMLFileResourcePack:Mod Tweaker 2, FMLFileResourcePack:Modular UI 2, FMLFileResourcePack:More Planets, FMLFileResourcePack:Mouse Tweaks, FMLFileResourcePack:Navigator, FMLFileResourcePack:Neat, FMLFileResourcePack:OK Backpack, FMLFileResourcePack:Common Capabilities, FMLFileResourcePack:OK Core, FMLFileResourcePack:OpenComputers, FMLFileResourcePack:OreExcavation, FMLFileResourcePack:Pam's HarvestCraft, FMLFileResourcePack:Particle Library, FMLFileResourcePack:Railcraft, FMLFileResourcePack:Random Things, FMLFileResourcePack:Recurrent Complex, FMLFileResourcePack:ServerUtilities, FMLFileResourcePack:Tainted Magic, FMLFileResourcePack:Thaumcraft, FMLFileResourcePack:TC4 Tweak, FMLFileResourcePack:Thaumic Bases Reboot, FMLFileResourcePack:Thaumic Concilium, FMLFileResourcePack:Thaumic Duality Interface, FMLFileResourcePack:Thaumic Energistics, FMLFileResourcePack:ThaumicHorizons, FMLFileResourcePack:Thaumic Tinkerer, FMLFileResourcePack:The Betweenlands, FMLFileResourcePack:Thermal Expansion, FMLFileResourcePack:Thermal Foundation, FMLFileResourcePack:Time Vial, FMLFileResourcePack:TofuCraft, FMLFileResourcePack:TofuFactory Reloaded, FMLFileResourcePack:TooMuchLoot, FMLFileResourcePack:UtilitiesInExcess, FMLFileResourcePack:Village Names, FMLFileResourcePack:Waila, FMLFileResourcePack:WarpTheory, FMLFileResourcePack:Waystones-X, FMLFileResourcePack:Witchery, FMLFileResourcePack:WitcheryPatch, FMLFileResourcePack:Xaero's Minimap, FMLFileResourcePack:Xaero's World Map, F32 GT6U edition.zip, Faithful 32x - 1.7.10.zip
[22:10:47] [Sound Library Loader/INFO]: Sound engine started
[22:10:49] [Client thread/INFO]: Created: 64x64 textures/blocks-atlas
[22:10:49] [Client thread/INFO]: Created: 16x16 textures/items-atlas
[22:15:05] [Client thread/INFO]: Reloading ResourceManager: Default, FMLFileResourcePack:Forge Mod Loader, FMLFileResourcePack:Minecraft Forge, FMLFileResourcePack:NotEnoughItems, FMLFileResourcePack:UniMixins, FMLFileResourcePack:UniMixins: Mixin (UniMix), FMLFileResourcePack:UniMixins: Compatibility, FMLFileResourcePack:UniMixins: Mixingasm, FMLFileResourcePack:UniMixins: SpongeMixins, FMLFileResourcePack:UniMixins: MixinBooterLegacy, FMLFileResourcePack:UniMixins: GTNHMixins, FMLFileResourcePack:UniMixins: MixinExtras, FMLFileResourcePack:ASJCore, FMLFileResourcePack:Thaumic Additions, FMLFileResourcePack:bspkrsCore, FMLFileResourcePack:Actually Additions, FMLFileResourcePack:Advanced Rocketry Continuation, FMLFileResourcePack:AE2 Fluid Crafting, FMLFileResourcePack:AgriCraft, FMLFileResourcePack:Alfheim, FMLFileResourcePack:Pra's Galacticraft Mod, FMLFileResourcePack:Angelica, FMLFileResourcePack:MCPatcherForge, FMLFileResourcePack:NotFine, FMLFileResourcePack:AppleCore, FMLFileResourcePack:Applied Energistics 2, FMLFileResourcePack:ArmorStatusHUD, FMLFileResourcePack:Atum, FMLFileResourcePack:Avaritia, FMLFileResourcePack:Avaritia / Draconic Evolution package bridge, FMLFileResourcePack:Bad Mobs, FMLFileResourcePack:Baubles, FMLFileResourcePack:Baubles Expanded, FMLFileResourcePack:BetterCrashes, FMLFileResourcePack:Better Foliage - Legacy Edition, FMLFileResourcePack:BetterQuesting, FMLFileResourcePack:Standard Expansion, FMLFileResourcePack:BetterQuesting, FMLFileResourcePack:Command Blocks for Better Questing, FMLFileResourcePack:Botany, FMLFileResourcePack:Binnie Core, FMLFileResourcePack:Extra Bees, FMLFileResourcePack:Extra Trees, FMLFileResourcePack:Genetics, FMLFileResourcePack:Biomes O' Plenty, FMLFileResourcePack:Blood Arsenal, FMLFileResourcePack:Blood Magic: Alchemical Wizardry, FMLFileResourcePack:Botania, FMLFileResourcePack:Brandon's Core, FMLFileResourcePack:CandyCraft, FMLFileResourcePack:Chisel, FMLFileResourcePack:ChunkAPI, FMLFileResourcePack:CoFH Core, FMLFileResourcePack:Cooking for Blockheads, FMLFileResourcePack:CoreTweaks, FMLFileResourcePack:MineTweaker 3, FMLFileResourcePack:Deathly Hallows, FMLFileResourcePack:Draconic Evolution, FMLFileResourcePack:DuraDisplay, FMLFileResourcePack:Enchiridion, FMLFileResourcePack:Enchiridion 2, FMLFileResourcePack:EnderCore, FMLFileResourcePack:Ender IO, FMLFileResourcePack:EndlessIDs, FMLFileResourcePack:§bEnviroMine, FMLFileResourcePack:Et Futurum Requiem, FMLFileResourcePack:External Tweaker, FMLFileResourcePack:Extra Planets, FMLFileResourcePack:FalsePatternLib, FMLFileResourcePack:FoamFix, FMLFileResourcePack:Forbidden Magic, FMLFileResourcePack:Forestry, FMLFileResourcePack:Forgotten Relics, FMLFileResourcePack:Galacticraft Core, FMLFileResourcePack:Galacticraft Planets, FMLFileResourcePack:GalaxySpace, FMLFileResourcePack:Gany's Surface, FMLFileResourcePack:Greg-API-Post, FMLFileResourcePack:Greg-API, FMLFileResourcePack:GregTech, FMLFileResourcePack:GT6 Recipe Bridge, FMLFileResourcePack:MTUtils, FMLFileResourcePack:GTNH Lib, FMLFileResourcePack:Hardcore Ender Expansion, FMLFileResourcePack:Hodgepodge, FMLFileResourcePack:Hunger Overhaul, IC2 resource pack injected by Hodgepodge, FMLFileResourcePack:InGame Info XML, FMLFileResourcePack:Iron Chests, FMLFileResourcePack:libVulpes, FMLFileResourcePack:LunatriusCore, FMLFileResourcePack:Magic Bees, FMLFileResourcePack:Marine Technlogy, FMLFileResourcePack:Mariculture, FMLFileResourcePack:MineFactory Reloaded, FMLFileResourcePack:MFR Compat: Applied Energistics, FMLFileResourcePack:MFR Compat: Forestry, FMLFileResourcePack:MFR Compat: ForgeMicroblock, FMLFileResourcePack:MFR Compat: IC2, FMLFileResourcePack:MFR Compat: Railcraft, FMLFileResourcePack:MFR Compat: Thaumcraft, FMLFileResourcePack:MFR Compat: Thermal Expansion, FMLFileResourcePack:MFR Compat: Vanilla, FMLFileResourcePack:MobsInfo, FMLFileResourcePack:Mod Tweaker 2, FMLFileResourcePack:Modular UI 2, FMLFileResourcePack:More Planets, FMLFileResourcePack:Mouse Tweaks, FMLFileResourcePack:Navigator, FMLFileResourcePack:Neat, FMLFileResourcePack:OK Backpack, FMLFileResourcePack:Common Capabilities, FMLFileResourcePack:OK Core, FMLFileResourcePack:OpenComputers, FMLFileResourcePack:OreExcavation, FMLFileResourcePack:Pam's HarvestCraft, FMLFileResourcePack:Particle Library, FMLFileResourcePack:Railcraft, FMLFileResourcePack:Random Things, FMLFileResourcePack:Recurrent Complex, FMLFileResourcePack:ServerUtilities, FMLFileResourcePack:Tainted Magic, FMLFileResourcePack:Thaumcraft, FMLFileResourcePack:TC4 Tweak, FMLFileResourcePack:Thaumic Bases Reboot, FMLFileResourcePack:Thaumic Concilium, FMLFileResourcePack:Thaumic Duality Interface, FMLFileResourcePack:Thaumic Energistics, FMLFileResourcePack:ThaumicHorizons, FMLFileResourcePack:Thaumic Tinkerer, FMLFileResourcePack:The Betweenlands, FMLFileResourcePack:Thermal Expansion, FMLFileResourcePack:Thermal Foundation, FMLFileResourcePack:Time Vial, FMLFileResourcePack:豆腐Craft (TofuCraft), FMLFileResourcePack:豆腐Factory Reloaded (TofuFactory Reloaded), FMLFileResourcePack:TooMuchLoot, FMLFileResourcePack:UtilitiesInExcess, FMLFileResourcePack:§6Village Names§r, FMLFileResourcePack:Waila, FMLFileResourcePack:WarpTheory, FMLFileResourcePack:Waystones-X, FMLFileResourcePack:Witchery, FMLFileResourcePack:WitcheryPatch, FMLFileResourcePack:Xaero's Minimap, FMLFileResourcePack:Xaero's World Map, AssetDirector, BetterQuesting_folders, BetterQuesting_files, etfuturum/vanilla_overrides, Et Futurum Requiem dynamic greyscale water for potion cauldrons, Et Futurum Requiem dynamic sounds.json, resources, Better Foliage generated, F32 GT6U edition.zip, Faithful 32x - 1.7.10.zip
[22:15:15] [Client thread/INFO]: Created: 8192x8192 textures/blocks-atlas
[22:15:20] [Client thread/INFO]: Created: 4096x2048 textures/items-atlas
[22:15:20] [Sound Library Loader/INFO]: Sound engine started
[22:16:00] [Server thread/INFO]: Starting integrated minecraft server version 1.7.10
[22:16:00] [Server thread/INFO]: Generating keypair
[22:17:15] [Server thread/INFO]: Starting integrated minecraft server version 1.7.10
[22:17:15] [Server thread/INFO]: Generating keypair
[22:17:57] [Client thread/INFO]: Stopping!
[22:22:35] [main/INFO]: Loading tweak class name cpw.mods.fml.common.launcher.FMLTweaker
[22:22:35] [main/INFO]: Using primary tweak class name cpw.mods.fml.common.launcher.FMLTweaker
[22:22:35] [main/INFO]: Calling tweak class cpw.mods.fml.common.launcher.FMLTweaker
[22:22:35] [main/INFO]: Forge Mod Loader version 7.99.40.1614 for Minecraft 1.7.10 loading
[22:22:35] [main/INFO]: Java is Java HotSpot(TM) 64-Bit Server VM, version 1.8.0_421, running on Windows 11:amd64:10.0, installed at D:\java\jdk-8
[22:22:35] [main/INFO]: Loading tweaker org.spongepowered.asm.launch.MixinTweaker from +unimixins-all-1.7.10-0.3.1.jar
[22:22:35] [main/INFO]: Loading tweaker org.spongepowered.asm.launch.MixinTweaker from angelica-2.2.26.jar
[22:22:35] [main/INFO]: Loading tweaker org.spongepowered.asm.launch.MixinTweaker from AppleCore-3.3.13.jar
[22:22:35] [main/INFO]: [AppEng] Core Init
[22:22:35] [main/INFO]: Loading tweaker org.spongepowered.asm.launch.MixinTweaker from Avaritia-1.99.jar
[22:22:35] [main/INFO]: Loading tweaker org.spongepowered.asm.launch.MixinTweaker from bettercrashes-1.4.7-GTNH.jar
[22:22:35] [main/INFO]: Loading tweaker org.spongepowered.asm.launch.MixinTweaker from BetterFoliage-LegacyEdition-1.2.4.jar
[22:22:35] [main/INFO]: Loading tweaker org.spongepowered.asm.launch.MixinTweaker from chunkapi-mc1.7.10-0.8.4.jar
[22:22:35] [main/WARN]: The coremod cofh.asm.LoadingPlugin does not have a MCVersion annotation, it may cause issues with this version of Minecraft
[22:22:35] [main/INFO]: Loading tweaker org.spongepowered.asm.launch.MixinTweaker from coretweaks-0.3.4.7-GTNH.jar
[22:22:35] [main/INFO]: Loading tweaker org.spongepowered.asm.launch.MixinTweaker from dim0guard-1.0.jar
[22:22:35] [main/INFO]: Loading tweaker org.spongepowered.asm.launch.MixinTweaker from duradisplay-1.4.6.jar
[22:22:35] [main/INFO]: Loading tweaker org.spongepowered.asm.launch.MixinTweaker from endlessids-mc1.7.10-1.7.4.jar
[22:22:35] [main/INFO]: Loading tweaker org.spongepowered.asm.launch.MixinTweaker from enviromine-1.3.148-ESE-0x01.jar
[22:22:35] [main/INFO]: Loading tweaker org.spongepowered.asm.launch.MixinTweaker from etfuturum-2.6.2.jar
[22:22:35] [main/INFO]: [LetsEncryptHelper] Starting patcher
[22:22:36] [main/INFO]: [LetsEncryptHelper] Added certificates to trust store.
[22:22:36] [main/INFO]: 
[22:22:36] [main/INFO]: 
[22:22:36] [main/INFO]:  ________  _______   __        __  __
[22:22:36] [main/INFO]: |        \|       \ |  \      |  \|  \
[22:22:36] [main/INFO]: | $$$$$$$$| $$$$$$$\| $$       \$$| $$____
[22:22:36] [main/INFO]: | $$__    | $$__/ $$| $$      |  \| $$    \
[22:22:36] [main/INFO]: | $$  \   | $$    $$| $$      | $$| $$$$$$$\
[22:22:36] [main/INFO]: | $$$$$   | $$$$$$$ | $$      | $$| $$  | $$
[22:22:36] [main/INFO]: | $$      | $$      | $$_____ | $$| $$__/ $$
[22:22:36] [main/INFO]: | $$      | $$      | $$     \| $$| $$    $$
[22:22:36] [main/INFO]:  \$$       \$$       \$$$$$$$$ \$$ \$$$$$$$
[22:22:36] [main/INFO]: 
[22:22:36] [main/INFO]: 
[22:22:36] [main/INFO]: Scanning for deps...
[22:22:36] [main/INFO]: Found bundled artifact: com.falsepattern:falsepatternlib-mc1.7.10:1.12.2 from jar:file:/E:/game/minecraft/gt6/.minecraft/versions/GT6/mods/falsepatternlib-mc1.7.10-1.12.2.jar!/META-INF/deps.json
[22:22:36] [main/INFO]: Found bundled artifact: com.falsepattern:falsepatternlib-mc1.7.10:1.12.2:dev from jar:file:/E:/game/minecraft/gt6/.minecraft/versions/GT6/mods/falsepatternlib-mc1.7.10-1.12.2.jar!/META-INF/deps.json
[22:22:36] [main/INFO]: Found dependency: it.unimi.dsi:fastutil:8.5.18 from jar:file:/E:/game/minecraft/gt6/.minecraft/versions/GT6/mods/endlessids-mc1.7.10-1.7.4.jar!/META-INF/EIDdeps.json
[22:22:36] [main/INFO]: Found dependency: xyz.wagyourtail.jvmdowngrader:jvmdowngrader-java-api:1.3.5:downgraded-8 from jar:file:/E:/game/minecraft/gt6/.minecraft/versions/GT6/mods/gtnhlib-0.11.52.jar!/META-INF/gtnhlib_deps8.json
[22:22:36] [main/INFO]: Found dependency: it.unimi.dsi:fastutil:8.5.18 from jar:file:/E:/game/minecraft/gt6/.minecraft/versions/GT6/mods/okcore-26.09.27.0.jar!/META-INF/okcore_deps.json
[22:22:36] [main/INFO]: Found dependency: org.joml:joml:1.10.8 from jar:file:/E:/game/minecraft/gt6/.minecraft/versions/GT6/mods/okcore-26.09.27.0.jar!/META-INF/okcore_deps.json
[22:22:36] [main/INFO]: Found dependency: com.mojang:brigadier:1.0.18 from jar:file:/E:/game/minecraft/gt6/.minecraft/versions/GT6/mods/okcore-26.09.27.0.jar!/META-INF/okcore_deps.json
[22:22:36] [main/INFO]: Found dependency: it.unimi.dsi:fastutil:8.5.18 from jar:file:/E:/game/minecraft/gt6/.minecraft/versions/GT6/mods/gtnhlib-0.11.52.jar!/META-INF/gtnhlib_deps.json
[22:22:36] [main/INFO]: Found dependency: org.joml:joml:1.10.8 from jar:file:/E:/game/minecraft/gt6/.minecraft/versions/GT6/mods/gtnhlib-0.11.52.jar!/META-INF/gtnhlib_deps.json
[22:22:36] [main/INFO]: Found dependency: com.mojang:brigadier:1.0.18 from jar:file:/E:/game/minecraft/gt6/.minecraft/versions/GT6/mods/gtnhlib-0.11.52.jar!/META-INF/gtnhlib_deps.json
[22:22:36] [main/INFO]: -----------------------------------------------------------
[22:22:36] [main/INFO]: FalsePatternLib is downloading dependencies. Please wait...
[22:22:36] [main/INFO]: -----------------------------------------------------------
[22:22:36] [Dependency Download Thread/INFO]: Adding library com.mojang:brigadier:1.0.18, requested by mod jar:file:/E:/game/minecraft/gt6/.minecraft/versions/GT6/mods/gtnhlib-0.11.52.jar!/META-INF/gtnhlib_deps.json
[22:22:36] [Dependency Download Thread/INFO]: Adding library xyz.wagyourtail.jvmdowngrader:jvmdowngrader-java-api:1.3.5-downgraded-8, requested by mod jar:file:/E:/game/minecraft/gt6/.minecraft/versions/GT6/mods/gtnhlib-0.11.52.jar!/META-INF/gtnhlib_deps8.json
[22:22:36] [Dependency Download Thread/INFO]: Adding library it.unimi.dsi:fastutil:8.5.18, requested by mod jar:file:/E:/game/minecraft/gt6/.minecraft/versions/GT6/mods/endlessids-mc1.7.10-1.7.4.jar!/META-INF/EIDdeps.json
[22:22:36] [Dependency Download Thread/INFO]: Adding library org.joml:joml:1.10.8, requested by mod jar:file:/E:/game/minecraft/gt6/.minecraft/versions/GT6/mods/okcore-26.09.27.0.jar!/META-INF/okcore_deps.json
[22:22:36] [main/INFO]: Scanned in 432ms
[22:22:36] [main/INFO]: Initializing MappingManager
[22:22:36] [main/WARN]: Found root logger with verbosity INFO, will try to switch to Forge config.
[22:22:36] [main/INFO]: Logger configs on classpath: [jar:file:/E:/game/minecraft/gt6/.minecraft/libraries/net/minecraftforge/forge/1.7.10-10.13.4.1614-1.7.10/forge-1.7.10-10.13.4.1614-1.7.10.jar!/log4j2.xml, jar:file:/E:/game/minecraft/gt6/.minecraft/libraries/net/minecraft/launchwrapper/1.12/launchwrapper-1.12.jar!/log4j2.xml, jar:file:/E:/game/minecraft/gt6/.minecraft/versions/GT6/GT6.jar!/log4j2.xml]
[22:22:36] [main/INFO]: Reconfiguring logger to use config at jar:file:/E:/game/minecraft/gt6/.minecraft/libraries/net/minecraftforge/forge/1.7.10-10.13.4.1614-1.7.10/forge-1.7.10-10.13.4.1614-1.7.10.jar!/log4j2.xml
[22:22:36] [main/INFO]: New messages will go to fml-x-latest.log
[22:22:36] [main/INFO]: Magic cookie: 743b4c7f-450a-4967-99f6-e326d808e7df
[22:22:41] [main/INFO]: Setting user: mi_xiao_bao
[22:22:43] [Client thread/INFO]: LWJGL Version: 2.9.1
[22:22:52] [Client thread/INFO]: Reloading ResourceManager: Default, FMLFileResourcePack:Forge Mod Loader, FMLFileResourcePack:Minecraft Forge, FMLFileResourcePack:NotEnoughItems, FMLFileResourcePack:UniMixins, FMLFileResourcePack:UniMixins: Mixin (UniMix), FMLFileResourcePack:UniMixins: Compatibility, FMLFileResourcePack:UniMixins: Mixingasm, FMLFileResourcePack:UniMixins: SpongeMixins, FMLFileResourcePack:UniMixins: MixinBooterLegacy, FMLFileResourcePack:UniMixins: GTNHMixins, FMLFileResourcePack:UniMixins: MixinExtras, FMLFileResourcePack:ASJCore, FMLFileResourcePack:Thaumic Additions, FMLFileResourcePack:bspkrsCore, FMLFileResourcePack:Actually Additions, FMLFileResourcePack:Advanced Rocketry Continuation, FMLFileResourcePack:AE2 Fluid Crafting, FMLFileResourcePack:AgriCraft, FMLFileResourcePack:Alfheim, FMLFileResourcePack:Pra's Galacticraft Mod, FMLFileResourcePack:Angelica, FMLFileResourcePack:MCPatcherForge, FMLFileResourcePack:NotFine, FMLFileResourcePack:AppleCore, FMLFileResourcePack:Applied Energistics 2, FMLFileResourcePack:ArmorStatusHUD, FMLFileResourcePack:Atum, FMLFileResourcePack:Avaritia, FMLFileResourcePack:Avaritia / Draconic Evolution package bridge, FMLFileResourcePack:Bad Mobs, FMLFileResourcePack:Baubles, FMLFileResourcePack:Baubles Expanded, FMLFileResourcePack:BetterCrashes, FMLFileResourcePack:Better Foliage - Legacy Edition, FMLFileResourcePack:BetterQuesting, FMLFileResourcePack:Standard Expansion, FMLFileResourcePack:BetterQuesting, FMLFileResourcePack:Command Blocks for Better Questing, FMLFileResourcePack:Botany, FMLFileResourcePack:Binnie Core, FMLFileResourcePack:Extra Bees, FMLFileResourcePack:Extra Trees, FMLFileResourcePack:Genetics, FMLFileResourcePack:Biomes O' Plenty, FMLFileResourcePack:Blood Arsenal, FMLFileResourcePack:Blood Magic: Alchemical Wizardry, FMLFileResourcePack:Botania, FMLFileResourcePack:Brandon's Core, FMLFileResourcePack:CandyCraft, FMLFileResourcePack:Chisel, FMLFileResourcePack:ChunkAPI, FMLFileResourcePack:CoFH Core, FMLFileResourcePack:Cooking for Blockheads, FMLFileResourcePack:CoreTweaks, FMLFileResourcePack:MineTweaker 3, FMLFileResourcePack:Deathly Hallows, FMLFileResourcePack:Draconic Evolution, FMLFileResourcePack:DuraDisplay, FMLFileResourcePack:Enchiridion, FMLFileResourcePack:Enchiridion 2, FMLFileResourcePack:EnderCore, FMLFileResourcePack:Ender IO, FMLFileResourcePack:EndlessIDs, FMLFileResourcePack:EnviroMine, FMLFileResourcePack:Et Futurum Requiem, FMLFileResourcePack:External Tweaker, FMLFileResourcePack:Extra Planets, FMLFileResourcePack:FalsePatternLib, FMLFileResourcePack:FoamFix, FMLFileResourcePack:Forbidden Magic, FMLFileResourcePack:Forestry, FMLFileResourcePack:Forgotten Relics, FMLFileResourcePack:Galacticraft Core, FMLFileResourcePack:Galacticraft Planets, FMLFileResourcePack:GalaxySpace, FMLFileResourcePack:Gany's Surface, FMLFileResourcePack:Greg-API-Post, FMLFileResourcePack:Greg-API, FMLFileResourcePack:GregTech, FMLFileResourcePack:GT6 Recipe Bridge, FMLFileResourcePack:MTUtils, FMLFileResourcePack:GTNH Lib, FMLFileResourcePack:Hardcore Ender Expansion, FMLFileResourcePack:Hodgepodge, FMLFileResourcePack:Hunger Overhaul, IC2 resource pack injected by Hodgepodge, FMLFileResourcePack:InGame Info XML, FMLFileResourcePack:Iron Chests, FMLFileResourcePack:libVulpes, FMLFileResourcePack:LunatriusCore, FMLFileResourcePack:Magic Bees, FMLFileResourcePack:Marine Technlogy, FMLFileResourcePack:Mariculture, FMLFileResourcePack:MineFactory Reloaded, FMLFileResourcePack:MFR Compat: Applied Energistics, FMLFileResourcePack:MFR Compat: Forestry, FMLFileResourcePack:MFR Compat: ForgeMicroblock, FMLFileResourcePack:MFR Compat: IC2, FMLFileResourcePack:MFR Compat: Railcraft, FMLFileResourcePack:MFR Compat: Thaumcraft, FMLFileResourcePack:MFR Compat: Thermal Expansion, FMLFileResourcePack:MFR Compat: Vanilla, FMLFileResourcePack:MobsInfo, FMLFileResourcePack:Mod Tweaker 2, FMLFileResourcePack:Modular UI 2, FMLFileResourcePack:More Planets, FMLFileResourcePack:Mouse Tweaks, FMLFileResourcePack:Navigator, FMLFileResourcePack:Neat, FMLFileResourcePack:OK Backpack, FMLFileResourcePack:Common Capabilities, FMLFileResourcePack:OK Core, FMLFileResourcePack:OpenComputers, FMLFileResourcePack:OreExcavation, FMLFileResourcePack:Pam's HarvestCraft, FMLFileResourcePack:Particle Library, FMLFileResourcePack:Railcraft, FMLFileResourcePack:Random Things, FMLFileResourcePack:Recurrent Complex, FMLFileResourcePack:ServerUtilities, FMLFileResourcePack:Tainted Magic, FMLFileResourcePack:Thaumcraft, FMLFileResourcePack:TC4 Tweak, FMLFileResourcePack:Thaumic Bases Reboot, FMLFileResourcePack:Thaumic Concilium, FMLFileResourcePack:Thaumic Duality Interface, FMLFileResourcePack:Thaumic Energistics, FMLFileResourcePack:ThaumicHorizons, FMLFileResourcePack:Thaumic Tinkerer, FMLFileResourcePack:The Betweenlands, FMLFileResourcePack:Thermal Expansion, FMLFileResourcePack:Thermal Foundation, FMLFileResourcePack:Time Vial, FMLFileResourcePack:TofuCraft, FMLFileResourcePack:TofuFactory Reloaded, FMLFileResourcePack:TooMuchLoot, FMLFileResourcePack:UtilitiesInExcess, FMLFileResourcePack:Village Names, FMLFileResourcePack:Waila, FMLFileResourcePack:WarpTheory, FMLFileResourcePack:Waystones-X, FMLFileResourcePack:Witchery, FMLFileResourcePack:WitcheryPatch, FMLFileResourcePack:Xaero's Minimap, FMLFileResourcePack:Xaero's World Map, F32 GT6U edition.zip, Faithful 32x - 1.7.10.zip
[22:23:22] [Sound Library Loader/INFO]: Sound engine started
[22:23:23] [Client thread/INFO]: Created: 64x64 textures/blocks-atlas
[22:23:23] [Client thread/INFO]: Created: 16x16 textures/items-atlas
[22:27:00] [Client thread/INFO]: Reloading ResourceManager: Default, FMLFileResourcePack:Forge Mod Loader, FMLFileResourcePack:Minecraft Forge, FMLFileResourcePack:NotEnoughItems, FMLFileResourcePack:UniMixins, FMLFileResourcePack:UniMixins: Mixin (UniMix), FMLFileResourcePack:UniMixins: Compatibility, FMLFileResourcePack:UniMixins: Mixingasm, FMLFileResourcePack:UniMixins: SpongeMixins, FMLFileResourcePack:UniMixins: MixinBooterLegacy, FMLFileResourcePack:UniMixins: GTNHMixins, FMLFileResourcePack:UniMixins: MixinExtras, FMLFileResourcePack:ASJCore, FMLFileResourcePack:Thaumic Additions, FMLFileResourcePack:bspkrsCore, FMLFileResourcePack:Actually Additions, FMLFileResourcePack:Advanced Rocketry Continuation, FMLFileResourcePack:AE2 Fluid Crafting, FMLFileResourcePack:AgriCraft, FMLFileResourcePack:Alfheim, FMLFileResourcePack:Pra's Galacticraft Mod, FMLFileResourcePack:Angelica, FMLFileResourcePack:MCPatcherForge, FMLFileResourcePack:NotFine, FMLFileResourcePack:AppleCore, FMLFileResourcePack:Applied Energistics 2, FMLFileResourcePack:ArmorStatusHUD, FMLFileResourcePack:Atum, FMLFileResourcePack:Avaritia, FMLFileResourcePack:Avaritia / Draconic Evolution package bridge, FMLFileResourcePack:Bad Mobs, FMLFileResourcePack:Baubles, FMLFileResourcePack:Baubles Expanded, FMLFileResourcePack:BetterCrashes, FMLFileResourcePack:Better Foliage - Legacy Edition, FMLFileResourcePack:BetterQuesting, FMLFileResourcePack:Standard Expansion, FMLFileResourcePack:BetterQuesting, FMLFileResourcePack:Command Blocks for Better Questing, FMLFileResourcePack:Botany, FMLFileResourcePack:Binnie Core, FMLFileResourcePack:Extra Bees, FMLFileResourcePack:Extra Trees, FMLFileResourcePack:Genetics, FMLFileResourcePack:Biomes O' Plenty, FMLFileResourcePack:Blood Arsenal, FMLFileResourcePack:Blood Magic: Alchemical Wizardry, FMLFileResourcePack:Botania, FMLFileResourcePack:Brandon's Core, FMLFileResourcePack:CandyCraft, FMLFileResourcePack:Chisel, FMLFileResourcePack:ChunkAPI, FMLFileResourcePack:CoFH Core, FMLFileResourcePack:Cooking for Blockheads, FMLFileResourcePack:CoreTweaks, FMLFileResourcePack:MineTweaker 3, FMLFileResourcePack:Deathly Hallows, FMLFileResourcePack:Draconic Evolution, FMLFileResourcePack:DuraDisplay, FMLFileResourcePack:Enchiridion, FMLFileResourcePack:Enchiridion 2, FMLFileResourcePack:EnderCore, FMLFileResourcePack:Ender IO, FMLFileResourcePack:EndlessIDs, FMLFileResourcePack:§bEnviroMine, FMLFileResourcePack:Et Futurum Requiem, FMLFileResourcePack:External Tweaker, FMLFileResourcePack:Extra Planets, FMLFileResourcePack:FalsePatternLib, FMLFileResourcePack:FoamFix, FMLFileResourcePack:Forbidden Magic, FMLFileResourcePack:Forestry, FMLFileResourcePack:Forgotten Relics, FMLFileResourcePack:Galacticraft Core, FMLFileResourcePack:Galacticraft Planets, FMLFileResourcePack:GalaxySpace, FMLFileResourcePack:Gany's Surface, FMLFileResourcePack:Greg-API-Post, FMLFileResourcePack:Greg-API, FMLFileResourcePack:GregTech, FMLFileResourcePack:GT6 Recipe Bridge, FMLFileResourcePack:MTUtils, FMLFileResourcePack:GTNH Lib, FMLFileResourcePack:Hardcore Ender Expansion, FMLFileResourcePack:Hodgepodge, FMLFileResourcePack:Hunger Overhaul, IC2 resource pack injected by Hodgepodge, FMLFileResourcePack:InGame Info XML, FMLFileResourcePack:Iron Chests, FMLFileResourcePack:libVulpes, FMLFileResourcePack:LunatriusCore, FMLFileResourcePack:Magic Bees, FMLFileResourcePack:Marine Technlogy, FMLFileResourcePack:Mariculture, FMLFileResourcePack:MineFactory Reloaded, FMLFileResourcePack:MFR Compat: Applied Energistics, FMLFileResourcePack:MFR Compat: Forestry, FMLFileResourcePack:MFR Compat: ForgeMicroblock, FMLFileResourcePack:MFR Compat: IC2, FMLFileResourcePack:MFR Compat: Railcraft, FMLFileResourcePack:MFR Compat: Thaumcraft, FMLFileResourcePack:MFR Compat: Thermal Expansion, FMLFileResourcePack:MFR Compat: Vanilla, FMLFileResourcePack:MobsInfo, FMLFileResourcePack:Mod Tweaker 2, FMLFileResourcePack:Modular UI 2, FMLFileResourcePack:More Planets, FMLFileResourcePack:Mouse Tweaks, FMLFileResourcePack:Navigator, FMLFileResourcePack:Neat, FMLFileResourcePack:OK Backpack, FMLFileResourcePack:Common Capabilities, FMLFileResourcePack:OK Core, FMLFileResourcePack:OpenComputers, FMLFileResourcePack:OreExcavation, FMLFileResourcePack:Pam's HarvestCraft, FMLFileResourcePack:Particle Library, FMLFileResourcePack:Railcraft, FMLFileResourcePack:Random Things, FMLFileResourcePack:Recurrent Complex, FMLFileResourcePack:ServerUtilities, FMLFileResourcePack:Tainted Magic, FMLFileResourcePack:Thaumcraft, FMLFileResourcePack:TC4 Tweak, FMLFileResourcePack:Thaumic Bases Reboot, FMLFileResourcePack:Thaumic Concilium, FMLFileResourcePack:Thaumic Duality Interface, FMLFileResourcePack:Thaumic Energistics, FMLFileResourcePack:ThaumicHorizons, FMLFileResourcePack:Thaumic Tinkerer, FMLFileResourcePack:The Betweenlands, FMLFileResourcePack:Thermal Expansion, FMLFileResourcePack:Thermal Foundation, FMLFileResourcePack:Time Vial, FMLFileResourcePack:豆腐Craft (TofuCraft), FMLFileResourcePack:豆腐Factory Reloaded (TofuFactory Reloaded), FMLFileResourcePack:TooMuchLoot, FMLFileResourcePack:UtilitiesInExcess, FMLFileResourcePack:§6Village Names§r, FMLFileResourcePack:Waila, FMLFileResourcePack:WarpTheory, FMLFileResourcePack:Waystones-X, FMLFileResourcePack:Witchery, FMLFileResourcePack:WitcheryPatch, FMLFileResourcePack:Xaero's Minimap, FMLFileResourcePack:Xaero's World Map, AssetDirector, BetterQuesting_folders, BetterQuesting_files, etfuturum/vanilla_overrides, Et Futurum Requiem dynamic greyscale water for potion cauldrons, Et Futurum Requiem dynamic sounds.json, resources, Better Foliage generated, F32 GT6U edition.zip, Faithful 32x - 1.7.10.zip
[22:27:11] [Client thread/INFO]: Created: 8192x8192 textures/blocks-atlas
[22:27:16] [Client thread/INFO]: Created: 4096x2048 textures/items-atlas
[22:27:17] [Sound Library Loader/INFO]: Sound engine started
[22:27:27] [Server thread/INFO]: Starting integrated minecraft server version 1.7.10
[22:27:27] [Server thread/INFO]: Generating keypair
[22:27:32] [Server thread/INFO]: Preparing start region for level 0
[22:27:33] [Server thread/INFO]: Preparing spawn area: 92%
[22:27:37] [Server thread/INFO]: 没有找到任务数据
[22:28:46] [Server thread/INFO]: Changing view distance to 12, from 10
[22:28:46] [Server thread/INFO]: mi_xiao_bao[local:E:51fdbff2] logged in with entity id 2884787 at (-33.933114349317364, 112.63838364830268, 278.34494698845305)
[22:28:47] [Server thread/INFO]: mi_xiao_bao 加入了游戏
[22:28:48] [Client thread/INFO]: [CHAT] Forgotten Relics was unable to check for updates.
[22:28:52] [Client thread/INFO]: [CHAT] Your version of 'Thaumic Additions' is most recent.
[22:28:52] [Client thread/INFO]: [CHAT] [MTUtils] Big Thank for using MTUtils.
[22:28:52] [Client thread/INFO]: [CHAT] [MTUtils] [WARNING] Since 1.5 mods.MTUtils not work. Rename it to mods.MTUtils.Utils
[22:28:53] [Server thread/INFO]: Saving and pausing game...
[22:28:53] [Server thread/INFO]: Saving chunks for level '新的世界'/Overworld
[22:28:53] [Server thread/INFO]: Saving chunks for level '新的世界'/Nether
[22:28:53] [Server thread/INFO]: Saving chunks for level '新的世界'/Barnarda C
[22:28:53] [Server thread/INFO]: Saving chunks for level '新的世界'/Barnarda E
[22:28:53] [Server thread/INFO]: Saving chunks for level '新的世界'/Helheim
[22:28:53] [Server thread/INFO]: Saving chunks for level '新的世界'/Domains
[22:28:53] [Server thread/INFO]: Saving chunks for level '新的世界'/Alfheim
[22:28:53] [Server thread/INFO]: Saving chunks for level '新的世界'/Niflheim
[22:28:53] [Server thread/INFO]: Saving chunks for level '新的世界'/水星
[22:28:53] [Server thread/INFO]: Saving chunks for level '新的世界'/金星
[22:28:53] [Server thread/INFO]: Saving chunks for level '新的世界'/木星
[22:28:53] [Server thread/INFO]: Saving chunks for level '新的世界'/土星
[22:28:53] [Server thread/INFO]: Saving chunks for level '新的世界'/天王星
[22:28:53] [Server thread/INFO]: Saving chunks for level '新的世界'/海王星
[22:28:53] [Server thread/INFO]: Saving chunks for level '新的世界'/Bedrock
[22:28:53] [Server thread/INFO]: Saving chunks for level '新的世界'/谷神星
[22:28:53] [Server thread/INFO]: Saving chunks for level '新的世界'/阋神星
[22:28:53] [Server thread/INFO]: Saving chunks for level '新的世界'/开普勒-22b
[22:28:53] [Server thread/INFO]: Saving chunks for level '新的世界'/月球
[22:28:53] [Server thread/INFO]: Saving chunks for level '新的世界'/火星
[22:28:53] [Server thread/INFO]: Saving chunks for level '新的世界'/Pocket Plane
[22:28:53] [Server thread/INFO]: Saving chunks for level '新的世界'/小行星
[22:28:53] [Server thread/INFO]: Saving chunks for level '新的世界'/木卫一
[22:28:53] [Server thread/INFO]: Saving chunks for level '新的世界'/火卫一
[22:28:53] [Server thread/INFO]: Saving chunks for level '新的世界'/木卫二
[22:28:53] [Server thread/INFO]: Saving chunks for level '新的世界'/火卫二
[22:28:53] [Server thread/INFO]: Saving chunks for level '新的世界'/海卫一
[22:28:53] [Server thread/INFO]: Saving chunks for level '新的世界'/Spirit World
[22:28:53] [Server thread/INFO]: Saving chunks for level '新的世界'/Torment
[22:28:53] [Server thread/INFO]: Saving chunks for level '新的世界'/Mirror
[22:28:53] [Server thread/INFO]: Saving chunks for level '新的世界'/土卫六
[22:28:53] [Server thread/INFO]: Saving chunks for level '新的世界'/天卫四
[22:28:53] [Server thread/INFO]: Saving chunks for level '新的世界'/The Outer Lands
[22:28:53] [Server thread/INFO]: Saving chunks for level '新的世界'/土卫八
[22:28:53] [Server thread/INFO]: Saving chunks for level '新的世界'/Space
[22:28:53] [Server thread/INFO]: Saving chunks for level '新的世界'/冥王星
[22:28:53] [Server thread/INFO]: Saving chunks for level '新的世界'/木卫四
[22:28:53] [Server thread/INFO]: Saving chunks for level '新的世界'/木卫三
[22:28:53] [Server thread/INFO]: Saving chunks for level '新的世界'/土卫五
[22:28:53] [Server thread/INFO]: Saving chunks for level '新的世界'/天卫三
[22:28:53] [Server thread/INFO]: Saving chunks for level '新的世界'/Causal Bouillon Dimension
[22:28:53] [Server thread/INFO]: Saving chunks for level '新的世界'/土卫二
[22:28:53] [Server thread/INFO]: Saving chunks for level '新的世界'/Candy Dungeon
[22:28:53] [Server thread/INFO]: Saving chunks for level '新的世界'/Candy Valley
[22:28:53] [Server thread/INFO]: Saving chunks for level '新的世界'/狄俄娜
[22:28:53] [Server thread/INFO]: Saving chunks for level '新的世界'/Betweenlands
[22:28:53] [Server thread/INFO]: Saving chunks for level '新的世界'/卡恩塔斯
[22:28:53] [Server thread/INFO]: Saving chunks for level '新的世界'/天卫五
[22:28:53] [Server thread/INFO]: Saving chunks for level '新的世界'/奶酪星
[22:28:53] [Server thread/INFO]: Saving chunks for level '新的世界'/Proxima B
[22:28:53] [Server thread/INFO]: Saving chunks for level '新的世界'/尼比鲁
[22:28:53] [Server thread/INFO]: Saving chunks for level '新的世界'/糖果星
[22:28:53] [Server thread/INFO]: Saving chunks for level '新的世界'/卡普坦B
[22:28:53] [Server thread/INFO]: Saving chunks for level '新的世界'/天狼星B
[22:28:53] [Server thread/INFO]: Saving chunks for level '新的世界'/Atum
[22:28:53] [Server thread/INFO]: Saving chunks for level '新的世界'/黑暗小行星
[22:28:53] [Server thread/INFO]: Saving chunks for level '新的世界'/Tofu World
[22:28:53] [Server thread/INFO]: Saving chunks for level '新的世界'/The End of Time
[22:28:53] [Server thread/INFO]: Saving chunks for level '新的世界'/The Underworld
[22:28:53] [Server thread/INFO]: Saving chunks for level '新的世界'/SpectreWorld
[22:28:53] [Server thread/INFO]: Saving chunks for level '新的世界'/Caves
[22:28:53] [Server thread/INFO]: Saving chunks for level '新的世界'/Space
[22:28:53] [Server thread/WARN]: Can't keep up! Did the system time change, or is the server overloaded? Running 7066ms behind, skipping 141 tick(s)
[22:28:54] [Thread-32/INFO]: [CHAT] [HEE] [22:28:54] Error detecting updates! Check the log for stack trace to report.
[22:29:06] [Client thread/INFO]: [CHAT] Tainted Magic failed to connect to the update server!
[22:29:07] [Client thread/INFO]: [CHAT] Unable to check latest version, Please check your internet connection
[22:29:07] [Client thread/INFO]: [CHAT] java.net.ConnectException Connection refused: connect
[22:29:07] [Client thread/INFO]: [CHAT] [CandyCraft]Checking update...
[22:29:11] [Client thread/INFO]: [CHAT] [CandyCraft]No update found.
[22:29:11] [Server thread/WARN]: Can't keep up! Did the system time change, or is the server overloaded? Running 3457ms behind, skipping 69 tick(s)
[22:29:22] [Client thread/INFO]: [CHAT] [Draconic Evolution] Version check failed
[22:29:22] [Client thread/INFO]: [CHAT] class java.net.ConnectException
[22:29:22] [Client thread/INFO]: [CHAT] The Update Check for Actually Additions failed! Check Logs for more Info!
[22:29:24] [Client thread/INFO]: Warning: Clientside chunk ticking took 108 ms
[22:29:26] [Client thread/INFO]: Warning: Clientside chunk ticking took 113 ms
[22:29:27] [Client thread/INFO]: Warning: Clientside chunk ticking took 153 ms
[22:29:30] [Client thread/INFO]: Warning: Clientside chunk ticking took 130 ms
[22:29:34] [Client thread/INFO]: Warning: Clientside chunk ticking took 161 ms
[22:34:21] [Client thread/INFO]: [CHAT] mi_xiao_bao 现在处于暂离状态
[22:43:41] [Server thread/INFO]: [mi_xiao_bao: 成功将 [十阶火箭] * 1 给予 mi_xiao_bao]
[22:43:41] [Client thread/INFO]: [CHAT] 成功将 [十阶火箭] * 1 给予 mi_xiao_bao
[22:44:06] [Server thread/INFO]: [mi_xiao_bao: 成功将 [三阶火箭发射平台] * 64 给予 mi_xiao_bao]
[22:44:06] [Client thread/INFO]: [CHAT] 成功将 [三阶火箭发射平台] * 64 给予 mi_xiao_bao
[22:44:09] [Client thread/INFO]: [CHAT] mi_xiao_bao 已经不再处于暂离状态
[22:44:28] [Client thread/INFO]: [CHAT] SPACE  - 发射
[22:44:28] [Client thread/INFO]: [CHAT] A / D  - 左-右转
[22:44:28] [Client thread/INFO]: [CHAT] W / S  - 上-下转
[22:44:28] [Client thread/INFO]: [CHAT] NONE       - 物品栏/燃料
[22:44:29] [Client thread/INFO]: [CHAT] 我没有降落伞!如果我再次按发射,就没法回去了!
[22:44:30] [Skin Downloader #0/ERROR]: Couldn't download http texture
java.net.ConnectException: Connection refused: connect
	at java.net.TwoStacksPlainSocketImpl.socketConnect(Native Method) ~[?:1.8.0_421]
	at java.net.AbstractPlainSocketImpl.doConnect(Unknown Source) ~[?:1.8.0_421]
	at java.net.AbstractPlainSocketImpl.connectToAddress(Unknown Source) ~[?:1.8.0_421]
	at java.net.AbstractPlainSocketImpl.connect(Unknown Source) ~[?:1.8.0_421]
	at java.net.PlainSocketImpl.connect(Unknown Source) ~[?:1.8.0_421]
	at java.net.SocksSocketImpl.connect(Unknown Source) ~[?:1.8.0_421]
	at java.net.Socket.connect(Unknown Source) ~[?:1.8.0_421]
	at sun.security.ssl.SSLSocketImpl.connect(Unknown Source) ~[?:1.8.0_421]
	at sun.security.ssl.BaseSSLSocketImpl.connect(Unknown Source) ~[?:1.8.0_421]
	at sun.net.NetworkClient.doConnect(Unknown Source) ~[?:1.8.0_421]
	at sun.net.www.http.HttpClient.openServer(Unknown Source) ~[?:1.8.0_421]
	at sun.net.www.http.HttpClient.openServer(Unknown Source) ~[?:1.8.0_421]
	at sun.net.www.protocol.https.HttpsClient.<init>(Unknown Source) ~[?:1.8.0_421]
	at sun.net.www.protocol.https.HttpsClient.New(Unknown Source) ~[?:1.8.0_421]
	at sun.net.www.protocol.https.AbstractDelegateHttpsURLConnection.getNewHttpClient(Unknown Source) ~[?:1.8.0_421]
	at sun.net.www.protocol.http.HttpURLConnection.plainConnect0(Unknown Source) ~[?:1.8.0_421]
	at sun.net.www.protocol.http.HttpURLConnection$6.run(Unknown Source) ~[?:1.8.0_421]
	at sun.net.www.protocol.http.HttpURLConnection$6.run(Unknown Source) ~[?:1.8.0_421]
	at java.security.AccessController.doPrivileged(Native Method) ~[?:1.8.0_421]
	at java.security.AccessController.doPrivilegedWithCombiner(Unknown Source) ~[?:1.8.0_421]
	at sun.net.www.protocol.http.HttpURLConnection.plainConnect(Unknown Source) ~[?:1.8.0_421]
	at sun.net.www.protocol.https.AbstractDelegateHttpsURLConnection.connect(Unknown Source) ~[?:1.8.0_421]
	at sun.net.www.protocol.https.HttpsURLConnectionImpl.connect(Unknown Source) ~[?:1.8.0_421]
	at net.minecraft.client.renderer.ThreadDownloadImageData$1.run(SourceFile:109) [bps.class:?]
	at java.util.concurrent.ThreadPoolExecutor.runWorker(Unknown Source) [?:1.8.0_421]
	at java.util.concurrent.ThreadPoolExecutor$Worker.run(Unknown Source) [?:1.8.0_421]
	at java.lang.Thread.run(Unknown Source) [?:1.8.0_421]
[22:47:32] [Server thread/WARN]: Can't keep up! Did the system time change, or is the server overloaded? Running 2423ms behind, skipping 48 tick(s)
[22:47:48] [Server thread/WARN]: Can't keep up! Did the system time change, or is the server overloaded? Running 2954ms behind, skipping 59 tick(s)
[22:48:17] [Server thread/WARN]: Can't keep up! Did the system time change, or is the server overloaded? Running 2418ms behind, skipping 48 tick(s)
[22:49:56] [Server thread/WARN]: Can't keep up! Did the system time change, or is the server overloaded? Running 5861ms behind, skipping 117 tick(s)
[22:50:16] [Client thread/INFO]: [CHAT] 我可能需要一个 频率模块 如果我想在这清楚的听到声音.
[22:50:44] [Client thread/INFO]: [CHAT] [Debug]: 高级物品提示：开启
[22:51:27] [Server thread/INFO]: [mi_xiao_bao: 成功将 [煤炭块] * 64 给予 mi_xiao_bao]
[22:51:27] [Client thread/INFO]: [CHAT] 成功将 [煤炭块] * 64 给予 mi_xiao_bao
[22:51:39] [Server thread/INFO]: [mi_xiao_bao: 成功将 [打火石] * 1 给予 mi_xiao_bao]
[22:51:39] [Client thread/INFO]: [CHAT] 成功将 [打火石] * 1 给予 mi_xiao_bao
[22:52:00] [Client thread/INFO]: [CHAT] 哎哟！那看起来很疼
[22:52:02] [Server thread/INFO]: Saving and pausing game...
[22:52:02] [Server thread/INFO]: Saving chunks for level '新的世界'/Overworld
[22:52:02] [Server thread/INFO]: Saving chunks for level '新的世界'/Nether
[22:52:02] [Server thread/INFO]: Saving chunks for level '新的世界'/Barnarda C
[22:52:02] [Server thread/INFO]: Saving chunks for level '新的世界'/Barnarda E
[22:52:02] [Server thread/INFO]: Saving chunks for level '新的世界'/Helheim
[22:52:02] [Server thread/INFO]: Saving chunks for level '新的世界'/Domains
[22:52:02] [Server thread/INFO]: Saving chunks for level '新的世界'/Alfheim
[22:52:02] [Server thread/INFO]: Saving chunks for level '新的世界'/Niflheim
[22:52:02] [Server thread/INFO]: Saving chunks for level '新的世界'/水星
[22:52:02] [Server thread/INFO]: Saving chunks for level '新的世界'/金星
[22:52:02] [Server thread/INFO]: Saving chunks for level '新的世界'/木星
[22:52:02] [Server thread/INFO]: Saving chunks for level '新的世界'/土星
[22:52:02] [Server thread/INFO]: Saving chunks for level '新的世界'/天王星
[22:52:02] [Server thread/INFO]: Saving chunks for level '新的世界'/海王星
[22:52:02] [Server thread/INFO]: Saving chunks for level '新的世界'/Bedrock
[22:52:02] [Server thread/INFO]: Saving chunks for level '新的世界'/谷神星
[22:52:02] [Server thread/INFO]: Saving chunks for level '新的世界'/阋神星
[22:52:02] [Server thread/INFO]: Saving chunks for level '新的世界'/开普勒-22b
[22:52:02] [Server thread/INFO]: Saving chunks for level '新的世界'/月球
[22:52:02] [Server thread/INFO]: Saving chunks for level '新的世界'/火星
[22:52:02] [Server thread/INFO]: Saving chunks for level '新的世界'/Pocket Plane
[22:52:02] [Server thread/INFO]: Saving chunks for level '新的世界'/小行星
[22:52:02] [Server thread/INFO]: Saving chunks for level '新的世界'/木卫一
[22:52:02] [Server thread/INFO]: Saving chunks for level '新的世界'/火卫一
[22:52:02] [Server thread/INFO]: Saving chunks for level '新的世界'/木卫二
[22:52:02] [Server thread/INFO]: Saving chunks for level '新的世界'/火卫二
[22:52:02] [Server thread/INFO]: Saving chunks for level '新的世界'/海卫一
[22:52:02] [Server thread/INFO]: Saving chunks for level '新的世界'/Spirit World
[22:52:02] [Server thread/INFO]: Saving chunks for level '新的世界'/Torment
[22:52:02] [Server thread/INFO]: Saving chunks for level '新的世界'/Mirror
[22:52:02] [Server thread/INFO]: Saving chunks for level '新的世界'/土卫六
[22:52:02] [Server thread/INFO]: Saving chunks for level '新的世界'/天卫四
[22:52:02] [Server thread/INFO]: Saving chunks for level '新的世界'/The Outer Lands
[22:52:02] [Server thread/INFO]: Saving chunks for level '新的世界'/土卫八
[22:52:02] [Server thread/INFO]: Saving chunks for level '新的世界'/Space
[22:52:02] [Server thread/INFO]: Saving chunks for level '新的世界'/冥王星
[22:52:02] [Server thread/INFO]: Saving chunks for level '新的世界'/木卫四
[22:52:02] [Server thread/INFO]: Saving chunks for level '新的世界'/木卫三
[22:52:02] [Server thread/INFO]: Saving chunks for level '新的世界'/土卫五
[22:52:02] [Server thread/INFO]: Saving chunks for level '新的世界'/天卫三
[22:52:02] [Server thread/INFO]: Saving chunks for level '新的世界'/Causal Bouillon Dimension
[22:52:02] [Server thread/INFO]: Saving chunks for level '新的世界'/土卫二
[22:52:02] [Server thread/INFO]: Saving chunks for level '新的世界'/Candy Dungeon
[22:52:02] [Server thread/INFO]: Saving chunks for level '新的世界'/Candy Valley
[22:52:02] [Server thread/INFO]: Saving chunks for level '新的世界'/狄俄娜
[22:52:02] [Server thread/INFO]: Saving chunks for level '新的世界'/Betweenlands
[22:52:02] [Server thread/INFO]: Saving chunks for level '新的世界'/卡恩塔斯
[22:52:02] [Server thread/INFO]: Saving chunks for level '新的世界'/天卫五
[22:52:02] [Server thread/INFO]: Saving chunks for level '新的世界'/奶酪星
[22:52:02] [Server thread/INFO]: Saving chunks for level '新的世界'/Proxima B
[22:52:02] [Server thread/INFO]: Saving chunks for level '新的世界'/尼比鲁
[22:52:02] [Server thread/INFO]: Saving chunks for level '新的世界'/糖果星
[22:52:02] [Server thread/INFO]: Saving chunks for level '新的世界'/卡普坦B
[22:52:02] [Server thread/INFO]: Saving chunks for level '新的世界'/天狼星B
[22:52:02] [Server thread/INFO]: Saving chunks for level '新的世界'/Atum
[22:52:02] [Server thread/INFO]: Saving chunks for level '新的世界'/黑暗小行星
[22:52:02] [Server thread/INFO]: Saving chunks for level '新的世界'/Tofu World
[22:52:02] [Server thread/INFO]: Saving chunks for level '新的世界'/The End of Time
[22:52:02] [Server thread/INFO]: Saving chunks for level '新的世界'/The Underworld
[22:52:02] [Server thread/INFO]: Saving chunks for level '新的世界'/SpectreWorld
[22:52:02] [Server thread/INFO]: Saving chunks for level '新的世界'/Caves
[22:52:02] [Server thread/INFO]: Saving chunks for level '新的世界'/Space
[22:52:04] [Client thread/INFO]: Started on 25565
[22:52:04] [Client thread/INFO]: [CHAT] 本地游戏已在端口 25565 上开启
[22:52:06] [Client thread/INFO]: [CHAT] 哎哟！那看起来很疼
[22:52:09] [Client thread/INFO]: [CHAT] 冒险模式开启
[22:52:13] [Client thread/INFO]: [CHAT] 生存模式开启
[22:52:20] [Server thread/INFO]: mi_xiao_bao忘记了高温保护
[22:52:20] [Client thread/INFO]: [CHAT] mi_xiao_bao忘记了高温保护
[22:52:36] [Server thread/INFO]: mi_xiao_bao忘记了高温保护
[22:52:36] [Client thread/INFO]: [CHAT] mi_xiao_bao忘记了高温保护 (2)
[22:52:39] [Client thread/INFO]: [CHAT] 创造模式开启
[22:52:45] [Client thread/INFO]: [CHAT] 未知的家：'home'！
[22:52:51] [Client thread/INFO]: [CHAT] /shrug, /serverutilities_simulate_button, /summon, /setdecay, /sethome, /scoreboardinfo, /seed, /ssinvite, /spawnpoint, /shuttle_tp, /setworldspawn, /spreadplayers, /scoreboard, /ssuninvite, /setwarp, /ssnewowner, /seek_block, /say, /setblock, /spawn
[22:53:24] [Server thread/INFO]: mi_xiao_bao lost connection: TextComponent{text='Disconnected', siblings=[], style=Style{hasParent=false, color=null, bold=null, italic=null, underlined=null, obfuscated=null, clickEvent=null, hoverEvent=null}}
[22:53:24] [Server thread/INFO]: mi_xiao_bao 退出了游戏
[22:53:24] [Server thread/INFO]: Stopping singleplayer server as player logged out
[22:53:25] [Server thread/INFO]: Stopping server
[22:53:25] [Server thread/INFO]: Saving players
[22:53:25] [Server thread/INFO]: Saving worlds
[22:53:25] [Server thread/INFO]: Saving chunks for level '新的世界'/Overworld
[22:53:25] [Server thread/INFO]: Saving chunks for level '新的世界'/Nether
[22:53:25] [Server thread/INFO]: Saving chunks for level '新的世界'/Barnarda C
[22:53:25] [Server thread/INFO]: Saving chunks for level '新的世界'/Barnarda E
[22:53:25] [Server thread/INFO]: Saving chunks for level '新的世界'/Helheim
[22:53:25] [Server thread/INFO]: Saving chunks for level '新的世界'/Domains
[22:53:25] [Server thread/INFO]: Saving chunks for level '新的世界'/Alfheim
[22:53:25] [Server thread/INFO]: Saving chunks for level '新的世界'/Niflheim
[22:53:25] [Server thread/INFO]: Saving chunks for level '新的世界'/水星
[22:53:25] [Server thread/INFO]: Saving chunks for level '新的世界'/金星
[22:53:25] [Server thread/INFO]: Saving chunks for level '新的世界'/木星
[22:53:25] [Server thread/INFO]: Saving chunks for level '新的世界'/土星
[22:53:25] [Server thread/INFO]: Saving chunks for level '新的世界'/天王星
[22:53:25] [Server thread/INFO]: Saving chunks for level '新的世界'/海王星
[22:53:25] [Server thread/INFO]: Saving chunks for level '新的世界'/Bedrock
[22:53:25] [Server thread/INFO]: Saving chunks for level '新的世界'/谷神星
[22:53:25] [Server thread/INFO]: Saving chunks for level '新的世界'/阋神星
[22:53:25] [Server thread/INFO]: Saving chunks for level '新的世界'/开普勒-22b
[22:53:25] [Server thread/INFO]: Saving chunks for level '新的世界'/月球
[22:53:25] [Server thread/INFO]: Saving chunks for level '新的世界'/火星
[22:53:25] [Server thread/INFO]: Saving chunks for level '新的世界'/Pocket Plane
[22:53:25] [Server thread/INFO]: Saving chunks for level '新的世界'/小行星
[22:53:25] [Server thread/INFO]: Saving chunks for level '新的世界'/木卫一
[22:53:25] [Server thread/INFO]: Saving chunks for level '新的世界'/火卫一
[22:53:25] [Server thread/INFO]: Saving chunks for level '新的世界'/木卫二
[22:53:25] [Server thread/INFO]: Saving chunks for level '新的世界'/火卫二
[22:53:25] [Server thread/INFO]: Saving chunks for level '新的世界'/海卫一
[22:53:25] [Server thread/INFO]: Saving chunks for level '新的世界'/Spirit World
[22:53:25] [Server thread/INFO]: Saving chunks for level '新的世界'/Torment
[22:53:25] [Server thread/INFO]: Saving chunks for level '新的世界'/Mirror
[22:53:25] [Server thread/INFO]: Saving chunks for level '新的世界'/土卫六
[22:53:25] [Server thread/INFO]: Saving chunks for level '新的世界'/天卫四
[22:53:25] [Server thread/INFO]: Saving chunks for level '新的世界'/The Outer Lands
[22:53:25] [Server thread/INFO]: Saving chunks for level '新的世界'/土卫八
[22:53:25] [Server thread/INFO]: Saving chunks for level '新的世界'/Space
[22:53:25] [Server thread/INFO]: Saving chunks for level '新的世界'/冥王星
[22:53:25] [Server thread/INFO]: Saving chunks for level '新的世界'/木卫四
[22:53:25] [Server thread/INFO]: Saving chunks for level '新的世界'/木卫三
[22:53:25] [Server thread/INFO]: Saving chunks for level '新的世界'/土卫五
[22:53:25] [Server thread/INFO]: Saving chunks for level '新的世界'/天卫三
[22:53:25] [Server thread/INFO]: Saving chunks for level '新的世界'/Causal Bouillon Dimension
[22:53:25] [Server thread/INFO]: Saving chunks for level '新的世界'/土卫二
[22:53:25] [Server thread/INFO]: Saving chunks for level '新的世界'/Candy Dungeon
[22:53:25] [Server thread/INFO]: Saving chunks for level '新的世界'/Candy Valley
[22:53:25] [Server thread/INFO]: Saving chunks for level '新的世界'/狄俄娜
[22:53:25] [Server thread/INFO]: Saving chunks for level '新的世界'/Betweenlands
[22:53:25] [Server thread/INFO]: Saving chunks for level '新的世界'/卡恩塔斯
[22:53:25] [Server thread/INFO]: Saving chunks for level '新的世界'/天卫五
[22:53:25] [Server thread/INFO]: Saving chunks for level '新的世界'/奶酪星
[22:53:25] [Server thread/INFO]: Saving chunks for level '新的世界'/Proxima B
[22:53:25] [Server thread/INFO]: Saving chunks for level '新的世界'/尼比鲁
[22:53:25] [Server thread/INFO]: Saving chunks for level '新的世界'/糖果星
[22:53:25] [Server thread/INFO]: Saving chunks for level '新的世界'/卡普坦B
[22:53:25] [Server thread/INFO]: Saving chunks for level '新的世界'/天狼星B
[22:53:25] [Server thread/INFO]: Saving chunks for level '新的世界'/Atum
[22:53:25] [Server thread/INFO]: Saving chunks for level '新的世界'/黑暗小行星
[22:53:25] [Server thread/INFO]: Saving chunks for level '新的世界'/Tofu World
[22:53:25] [Server thread/INFO]: Saving chunks for level '新的世界'/The End of Time
[22:53:25] [Server thread/INFO]: Saving chunks for level '新的世界'/The Underworld
[22:53:25] [Server thread/INFO]: Saving chunks for level '新的世界'/SpectreWorld
[22:53:25] [Server thread/INFO]: Saving chunks for level '新的世界'/Caves
[22:53:25] [Server thread/INFO]: Saving chunks for level '新的世界'/Space
[22:53:31] [Client thread/FATAL]: Reported exception thrown!
net.minecraft.util.ReportedException: Updating screen events
	at net.minecraft.client.Minecraft.func_71407_l(Minecraft.java:1654) ~[bao.class:?]
	at net.minecraft.client.Minecraft.func_71411_J(Minecraft.java:973) ~[bao.class:?]
	at net.minecraft.client.Minecraft.func_99999_d(Minecraft.java:8110) [bao.class:?]
	at net.minecraft.client.main.Main.main(SourceFile:148) [Main.class:?]
	at sun.reflect.NativeMethodAccessorImpl.invoke0(Native Method) ~[?:1.8.0_421]
	at sun.reflect.NativeMethodAccessorImpl.invoke(Unknown Source) ~[?:1.8.0_421]
	at sun.reflect.DelegatingMethodAccessorImpl.invoke(Unknown Source) ~[?:1.8.0_421]
	at java.lang.reflect.Method.invoke(Unknown Source) ~[?:1.8.0_421]
	at net.minecraft.launchwrapper.Launch.launch(Launch.java:135) [launchwrapper-1.12.jar:?]
	at net.minecraft.launchwrapper.Launch.main(Launch.java:28) [launchwrapper-1.12.jar:?]
Caused by: java.lang.NullPointerException
	at alfheim.common.item.ItemSplashPotion.func_77624_a(ItemSplashPotion.kt:73) ~[ItemSplashPotion.class:?]
	at net.minecraft.item.ItemStack.func_82840_a(ItemStack.java:525) ~[add.class:?]
	at net.minecraft.client.gui.inventory.GuiContainerCreative.updateFilteredItems(GuiContainerCreative.java:378) ~[bfl.class:?]
	at net.minecraft.client.gui.inventory.GuiContainerCreative.func_147053_i(GuiContainerCreative.java:335) ~[bfl.class:?]
	at net.minecraft.client.gui.inventory.GuiContainerCreative.func_147050_b(GuiContainerCreative.java:550) ~[bfl.class:?]
	at net.minecraft.client.gui.inventory.GuiContainerCreative.func_146286_b(GuiContainerCreative.java:456) ~[bfl.class:?]
	at net.minecraft.client.gui.GuiScreen.func_146274_d(GuiScreen.java:306) ~[bdw.class:?]
	at net.minecraft.client.gui.inventory.GuiContainer.func_146274_d(GuiContainer.java) ~[bex.class:?]
	at net.minecraft.client.gui.inventory.GuiContainerCreative.func_146274_d(GuiContainerCreative.java:566) ~[bfl.class:?]
	at net.minecraft.client.gui.GuiScreen.redirect$cha000$modularui2$modularui$injectMouseInputEvent(GuiScreen.java:3534) ~[bdw.class:?]
	at net.minecraft.client.gui.GuiScreen.mixinextras$bridge$redirect$cha000$modularui2$modularui$injectMouseInputEvent$62(GuiScreen.java) ~[bdw.class:?]
	at net.minecraft.client.gui.GuiScreen.wrapOperation$chn000$okcore$wrapMouseInput(GuiScreen.java:4053) ~[bdw.class:?]
	at net.minecraft.client.gui.GuiScreen.func_146269_k(GuiScreen.java:268) ~[bdw.class:?]
	at net.minecraft.client.Minecraft.func_71407_l(Minecraft.java:1640) ~[bao.class:?]
	... 9 more
[22:53:34] [Client thread/INFO]: Stopping!
